Archive member included to satisfy reference by file (symbol)

../lib-dmxreceiver/lib_gd32/libdmxreceiver.a(dmxreceiver.o)
                              build_gd32/firmware/main.o (DMXReceiver::Start())
../lib-rdmresponder/lib_gd32/librdmresponder.a(rdmresponder.o)
                              build_gd32/firmware/main.o (RDMResponder::RDMResponder(RDMPersonality*, LightSet*))
../lib-rdmsensor/lib_gd32/librdmsensor.a(rdmsensors.o)
                              ../lib-rdmresponder/lib_gd32/librdmresponder.a(rdmresponder.o) (RDMSensors::~RDMSensors())
../lib-rdmsensor/lib_gd32/librdmsensor.a(rdmsensorsadd.o)
                              ../lib-rdmsensor/lib_gd32/librdmsensor.a(rdmsensors.o) (RDMSensors::Add(RDMSensor*))
../lib-rdmsensor/lib_gd32/librdmsensor.a(rdmsensorsparams.o)
                              build_gd32/firmware/main.o (RDMSensorsParams::RDMSensorsParams(RDMSensorsParamsStore*))
../lib-rdmsensor/lib_gd32/librdmsensor.a(rdmsensorsstatic.o)
                              ../lib-rdmsensor/lib_gd32/librdmsensor.a(rdmsensorsparams.o) (RDMSensors::GetTypeString(char const*))
../lib-rdmsensor/lib_gd32/librdmsensor.a(cputemperature.o)
                              ../lib-rdmsensor/lib_gd32/librdmsensor.a(rdmsensors.o) (CpuTemperature::CpuTemperature(unsigned char))
../lib-rdmsensor/lib_gd32/librdmsensor.a(rdmsensor.o)
                              ../lib-rdmsensor/lib_gd32/librdmsensor.a(rdmsensorsparams.o) (RDMSensor::RDMSensor(unsigned char))
../lib-rdmsensor/lib_gd32/librdmsensor.a(rdmsensorsconst.o)
                              ../lib-rdmsensor/lib_gd32/librdmsensor.a(rdmsensorsstatic.o) (RDMSensorsConst::TYPE)
../lib-device/lib_gd32/libdevice.a(bh1750.o)
                              ../lib-rdmsensor/lib_gd32/librdmsensor.a(rdmsensorsparams.o) (sensor::BH170::BH170(unsigned char))
../lib-device/lib_gd32/libdevice.a(htu21d.o)
                              ../lib-rdmsensor/lib_gd32/librdmsensor.a(rdmsensorsparams.o) (sensor::HTU21D::HTU21D(unsigned char))
../lib-device/lib_gd32/libdevice.a(ina219.o)
                              ../lib-rdmsensor/lib_gd32/librdmsensor.a(rdmsensorsparams.o) (sensor::INA219::INA219(unsigned char))
../lib-device/lib_gd32/libdevice.a(mcp9808.o)
                              ../lib-rdmsensor/lib_gd32/librdmsensor.a(rdmsensorsparams.o) (sensor::MCP9808::MCP9808(unsigned char))
../lib-device/lib_gd32/libdevice.a(si7021.o)
                              ../lib-rdmsensor/lib_gd32/librdmsensor.a(rdmsensorsparams.o) (sensor::SI7021::SI7021(unsigned char))
../lib-rdmsubdevice/lib_gd32/librdmsubdevice.a(rdmsubdevices.o)
                              ../lib-rdmresponder/lib_gd32/librdmresponder.a(rdmresponder.o) (RDMSubDevices::~RDMSubDevices())
../lib-rdmsubdevice/lib_gd32/librdmsubdevice.a(rdmsubdevicesparams.o)
                              build_gd32/firmware/main.o (RDMSubDevicesParams::RDMSubDevicesParams(RDMSubDevicesParamsStore*))
../lib-rdmsubdevice/lib_gd32/librdmsubdevice.a(rdmsubdevicesstatic.o)
                              ../lib-rdmsubdevice/lib_gd32/librdmsubdevice.a(rdmsubdevicesparams.o) (RDMSubDevices::GetTypeString(char const*))
../lib-rdmsubdevice/lib_gd32/librdmsubdevice.a(rdmsubdevice.o)
                              ../lib-rdmsubdevice/lib_gd32/librdmsubdevice.a(rdmsubdevices.o) (RDMSubDevice::SetDmxStartAddress(unsigned short))
../lib-rdmsubdevice/lib_gd32/librdmsubdevice.a(rdmsubdevicesadd.o)
                              ../lib-rdmsubdevice/lib_gd32/librdmsubdevice.a(rdmsubdevicesparams.o) (RDMSubDevices::Add(RDMSubDevice*))
../lib-rdmsubdevice/lib_gd32/librdmsubdevice.a(rdmsubdevicesconst.o)
                              ../lib-rdmsubdevice/lib_gd32/librdmsubdevice.a(rdmsubdevicesstatic.o) (RDMSubDevicesConst::TYPE)
../lib-rdm/lib_gd32/librdm.a(rdmdeviceparams.o)
                              build_gd32/firmware/main.o (RDMDeviceParams::RDMDeviceParams(RDMDeviceParamsStore*))
../lib-rdm/lib_gd32/librdm.a(rdmdeviceparamsconst.o)
                              ../lib-rdm/lib_gd32/librdm.a(rdmdeviceparams.o) (RDMDeviceParamsConst::PRODUCT_DETAIL)
../lib-rdm/lib_gd32/librdm.a(rdmdeviceresponder.o)
                              ../lib-rdmresponder/lib_gd32/librdmresponder.a(rdmresponder.o) (RDMDeviceResponder::RDMDeviceResponder(RDMPersonality*, LightSet*))
../lib-rdm/lib_gd32/librdm.a(rdmdeviceresponderprint.o)
                              ../lib-rdmresponder/lib_gd32/librdmresponder.a(rdmresponder.o) (RDMDeviceResponder::Print())
../lib-rdm/lib_gd32/librdm.a(rdmhandler.o)
                              ../lib-rdmresponder/lib_gd32/librdmresponder.a(rdmresponder.o) (RDMHandler::RDMHandler(bool))
../lib-rdm/lib_gd32/librdm.a(rdmhandlere1371.o)
                              ../lib-rdm/lib_gd32/librdm.a(rdmhandler.o) (RDMHandler::GetIdentifyMode(unsigned short))
../lib-rdm/lib_gd32/librdm.a(rdmidentify.o)
                              build_gd32/firmware/main.o (RDMIdentify::RDMIdentify())
../lib-rdm/lib_gd32/librdm.a(rdmpersonality.o)
[...]
Memory Configuration

Name             Origin             Length             Attributes
FLASH            0x0000000008007000 0x0000000000032000 xr
RAM              0x0000000020000000 0x0000000000020000 xrw
*default*        0x0000000000000000 0xffffffffffffffff

Linker script and memory map

LOAD build_gd32/startup_gd32f20x_cl.o
LOAD build_gd32/firmware/main.o
LOAD build_gd32/lib/rdmsoftwareversion.o
                0x0000000020020000                _estack = 0x20020000
                0x0000000000001000                _Min_Heap_Size = 0x1000
                0x0000000000001000                _Min_Stack_Size = 0x1000

.isr_vector     0x0000000008007000      0x1a8
                0x0000000008007000                . = ALIGN (0x4)
 *(.isr_vector)
 .isr_vector    0x0000000008007000      0x1a8 build_gd32/startup_gd32f20x_cl.o
                0x0000000008007000                g_pfnVectors
                0x00000000080071a8                . = ALIGN (0x4)

.text           0x00000000080071a8     0x9d78
                0x00000000080071a8                . = ALIGN (0x4)
 *(.text)
 .text          0x00000000080071a8      0x378 /Applications/ARM/bin/../lib/gcc/arm-none-eabi/10.3.1/thumb/v7-m/nofp/libgcc.a(_arm_addsubdf3.o)
                0x00000000080071a8                __aeabi_drsub
                0x00000000080071b0                __subdf3
                0x00000000080071b0                __aeabi_dsub
                0x00000000080071b4                __aeabi_dadd
                0x00000000080071b4                __adddf3
                0x000000000800742c                __aeabi_ui2d
                0x000000000800742c                __floatunsidf
                0x000000000800744c                __floatsidf
                0x000000000800744c                __aeabi_i2d
                0x0000000008007470                __extendsfdf2
                0x0000000008007470                __aeabi_f2d
                0x00000000080074b4                __aeabi_ul2d
                0x00000000080074b4                __floatundidf
                0x00000000080074c4                __aeabi_l2d
                0x00000000080074c4                __floatdidf
 .text          0x0000000008007520      0x424 /Applications/ARM/bin/../lib/gcc/arm-none-eabi/10.3.1/thumb/v7-m/nofp/libgcc.a(_arm_muldivdf3.o)
                0x0000000008007520                __aeabi_dmul
                0x0000000008007520                __muldf3
                0x0000000008007774                __aeabi_ddiv
                0x0000000008007774                __divdf3
 .text          0x0000000008007944       0xa0 /Applications/ARM/bin/../lib/gcc/arm-none-eabi/10.3.1/thumb/v7-m/nofp/libgcc.a(_arm_truncdfsf2.o)
                0x0000000008007944                __aeabi_d2f
                0x0000000008007944                __truncdfsf2
 .text          0x00000000080079e4      0x21c /Applications/ARM/bin/../lib/gcc/arm-none-eabi/10.3.1/thumb/v7-m/nofp/libgcc.a(_arm_addsubsf3.o)
                0x00000000080079e4                __aeabi_frsub
                0x00000000080079ec                __aeabi_fsub
                0x00000000080079ec                __subsf3
                0x00000000080079f0                __aeabi_fadd
                0x00000000080079f0                __addsf3
                0x0000000008007b50                __aeabi_ui2f
                0x0000000008007b50                __floatunsisf
                0x0000000008007b58                __floatsisf
                0x0000000008007b58                __aeabi_i2f
                0x0000000008007b74                __aeabi_ul2f
                0x0000000008007b74                __floatundisf
                0x0000000008007b84                __aeabi_l2f
                0x0000000008007b84                __floatdisf
 .text          0x0000000008007c00      0x2a0 /Applications/ARM/bin/../lib/gcc/arm-none-eabi/10.3.1/thumb/v7-m/nofp/libgcc.a(_arm_muldivsf3.o)
                0x0000000008007c00                __mulsf3
                0x0000000008007c00                __aeabi_fmul
                0x0000000008007d68                __divsf3
                0x0000000008007d68                __aeabi_fdiv
 .text          0x0000000008007ea0       0xec /Applications/ARM/bin/../lib/gcc/arm-none-eabi/10.3.1/thumb/v7-m/nofp/libgcc.a(_arm_cmpsf2.o)
                0x0000000008007ea0                __gesf2
                0x0000000008007ea0                __gtsf2
                0x0000000008007ea8                __ltsf2
                0x0000000008007ea8                __lesf2
                0x0000000008007eb0                __nesf2
                0x0000000008007eb0                __eqsf2
                0x0000000008007eb0                __cmpsf2
                0x0000000008007f10                __aeabi_cfrcmple
                0x0000000008007f18                __aeabi_cfcmpeq
                0x0000000008007f18                __aeabi_cfcmple
                0x0000000008007f28                __aeabi_fcmpeq
                0x0000000008007f3c                __aeabi_fcmplt
                0x0000000008007f50                __aeabi_fcmple
                0x0000000008007f64                __aeabi_fcmpge
                0x0000000008007f78                __aeabi_fcmpgt
 .text          0x0000000008007f8c       0x4c /Applications/ARM/bin/../lib/gcc/arm-none-eabi/10.3.1/thumb/v7-m/nofp/libgcc.a(_arm_fixsfsi.o)
                0x0000000008007f8c                __fixsfsi
                0x0000000008007f8c                __aeabi_f2iz
 .text          0x0000000008007fd8       0x40 /Applications/ARM/bin/../lib/gcc/arm-none-eabi/10.3.1/thumb/v7-m/nofp/libgcc.a(_arm_fixunssfsi.o)
                0x0000000008007fd8                __aeabi_f2uiz
                0x0000000008007fd8                __fixunssfsi
 .text          0x0000000008008018       0x30 /Applications/ARM/bin/../lib/gcc/arm-none-eabi/10.3.1/thumb/v7-m/nofp/libgcc.a(_aeabi_uldivmod.o)
                0x0000000008008018                __aeabi_uldivmod
 .text          0x0000000008008048      0x2d4 /Applications/ARM/bin/../lib/gcc/arm-none-eabi/10.3.1/thumb/v7-m/nofp/libgcc.a(_udivmoddi4.o)
                0x0000000008008048                __udivmoddi4
 .text          0x000000000800831c        0x4 /Applications/ARM/bin/../lib/gcc/arm-none-eabi/10.3.1/thumb/v7-m/nofp/libgcc.a(_dvmd_tls.o)
                0x000000000800831c                __aeabi_ldiv0
                0x000000000800831c                __aeabi_idiv0
 *(.text*)
 .text.Reset_Handler
                0x0000000008008320       0x44 build_gd32/startup_gd32f20x_cl.o
                0x0000000008008320                Reset_Handler
 .text.Default_Handler
                0x0000000008008364        0x2 build_gd32/startup_gd32f20x_cl.o
                0x0000000008008364                ENET_IRQHandler
                0x0000000008008364                TIMER5_IRQHandler
                0x0000000008008364                DebugMon_Handler
                0x0000000008008364                LVD_IRQHandler
                0x0000000008008364                CAN1_EWMC_IRQHandler
                0x0000000008008364                HardFault_Handler
                0x0000000008008364                TIMER7_UP_TIMER12_IRQHandler
                0x0000000008008364                ADC0_1_IRQHandler
                0x0000000008008364                SDIO_IRQHandler
                0x0000000008008364                PendSV_Handler
                0x0000000008008364                NMI_Handler
                0x0000000008008364                EXTI3_IRQHandler
                0x0000000008008364                DCI_IRQHandler
                0x0000000008008364                USBFS_WKUP_IRQHandler
                0x0000000008008364                TIMER0_TRG_CMT_TIMER10_IRQHandler
                0x0000000008008364                USBFS_IRQHandler
                0x0000000008008364                DMA0_Channel6_IRQHandler
                0x0000000008008364                I2C0_EV_IRQHandler
                0x0000000008008364                EXTI0_IRQHandler
                0x0000000008008364                I2C2_EV_IRQHandler
                0x0000000008008364                CAU_IRQHandler
                0x0000000008008364                CAN1_RX0_IRQHandler
                0x0000000008008364                TIMER7_TRG_CMT_TIMER13_IRQHandler
                0x0000000008008364                UsageFault_Handler
                0x0000000008008364                TIMER4_IRQHandler
                0x0000000008008364                SPI1_IRQHandler
                0x0000000008008364                DMA0_Channel0_IRQHandler
                0x0000000008008364                TAMPER_IRQHandler
                0x0000000008008364                TIMER0_BRK_TIMER8_IRQHandler
                0x0000000008008364                DMA1_Channel0_IRQHandler
                0x0000000008008364                TIMER7_BRK_TIMER11_IRQHandler
                0x0000000008008364                DMA1_Channel4_IRQHandler
                0x0000000008008364                DMA0_Channel3_IRQHandler
                0x0000000008008364                I2C0_ER_IRQHandler
                0x0000000008008364                TLI_IRQHandler
                0x0000000008008364                TIMER0_UP_TIMER9_IRQHandler
                0x0000000008008364                RTC_IRQHandler
                0x0000000008008364                CAN1_RX1_IRQHandler
                0x0000000008008364                DMA0_Channel2_IRQHandler
                0x0000000008008364                USART0_IRQHandler
                0x0000000008008364                I2C1_EV_IRQHandler
                0x0000000008008364                DMA1_Channel6_IRQHandler
                0x0000000008008364                UART4_IRQHandler
                0x0000000008008364                EXTI10_15_IRQHandler
                0x0000000008008364                DMA1_Channel1_IRQHandler
                0x0000000008008364                Default_Handler
                0x0000000008008364                TIMER7_Channel_IRQHandler
                0x0000000008008364                CAN0_TX_IRQHandler
                0x0000000008008364                WWDGT_IRQHandler
                0x0000000008008364                EXMC_IRQHandler
                0x0000000008008364                ADC2_IRQHandler
                0x0000000008008364                SPI2_IRQHandler
                0x0000000008008364                MemManage_Handler
                0x0000000008008364                CAN1_TX_IRQHandler
                0x0000000008008364                SVC_Handler
                0x0000000008008364                HAU_TRNG_IRQHandler
                0x0000000008008364                DMA1_Channel5_IRQHandler
                0x0000000008008364                EXTI4_IRQHandler
                0x0000000008008364                CAN0_RX1_IRQHandler
                0x0000000008008364                DMA0_Channel5_IRQHandler
                0x0000000008008364                DMA1_Channel3_IRQHandler
                0x0000000008008364                EXTI5_9_IRQHandler
                0x0000000008008364                RCU_IRQHandler
                0x0000000008008364                DMA0_Channel1_IRQHandler
                0x0000000008008364                TIMER0_Channel_IRQHandler
                0x0000000008008364                EXTI1_IRQHandler
                0x0000000008008364                ENET_WKUP_IRQHandler
                0x0000000008008364                RTCAlarm_IRQHandler
                0x0000000008008364                UART7_IRQHandler
                0x0000000008008364                UART6_IRQHandler
                0x0000000008008364                CAN0_EWMC_IRQHandler
                0x0000000008008364                CAN0_RX0_IRQHandler
                0x0000000008008364                I2C2_ER_IRQHandler
                0x0000000008008364                DMA1_Channel2_IRQHandler
                0x0000000008008364                TLI_ER_IRQHandler
                0x0000000008008364                BusFault_Handler
                0x0000000008008364                USART1_IRQHandler
                0x0000000008008364                UART3_IRQHandler
                0x0000000008008364                I2C1_ER_IRQHandler
                0x0000000008008364                FMC_IRQHandler
                0x0000000008008364                DMA0_Channel4_IRQHandler
                0x0000000008008364                EXTI2_IRQHandler
 .text._ZN8Identify7SetModeE16TRdmIdentifyMode
                0x0000000008008366        0x4 build_gd32/firmware/main.o
                0x0000000008008366                Identify::SetMode(TRdmIdentifyMode)
 .text._ZN15FactoryDefaultsD2Ev
                0x000000000800836a        0x2 build_gd32/firmware/main.o
                0x000000000800836a                FactoryDefaults::~FactoryDefaults()
                0x000000000800836a                FactoryDefaults::~FactoryDefaults()
 .text._ZN8IdentifyD2Ev
                0x000000000800836c        0x2 build_gd32/firmware/main.o
                0x000000000800836c                Identify::~Identify()
                0x000000000800836c                Identify::~Identify()
 .text._ZN10DisplayRdmD2Ev
                0x000000000800836e        0x2 build_gd32/firmware/main.o
                0x000000000800836e                DisplayRdm::~DisplayRdm()
                0x000000000800836e                DisplayRdm::~DisplayRdm()
 .text._ZN10DisplayRdm19ShowDmxStartAddressEv
                0x0000000008008370        0xc build_gd32/firmware/main.o
                0x0000000008008370                DisplayRdm::ShowDmxStartAddress()
 .text._ZN10DisplayRdmD0Ev
                0x000000000800837c        0xc build_gd32/firmware/main.o
                0x000000000800837c                DisplayRdm::~DisplayRdm()
 .text._ZN15FactoryDefaultsD0Ev
                0x0000000008008388        0xc build_gd32/firmware/main.o
                0x0000000008008388                FactoryDefaults::~FactoryDefaults()
 .text._ZN8IdentifyD0Ev
                0x0000000008008394        0xc build_gd32/firmware/main.o
                0x0000000008008394                Identify::~Identify()
 .text._ZN15FactoryDefaults3SetEv
                0x00000000080083a0       0x10 build_gd32/firmware/main.o
                0x00000000080083a0                FactoryDefaults::Set()
 .text.startup.main
                0x00000000080083b0      0x244 build_gd32/firmware/main.o
                0x00000000080083b0                main
 .text._ZN18RDMSoftwareVersion10GetVersionEv
                0x00000000080085f4        0x8 build_gd32/lib/rdmsoftwareversion.o
                0x00000000080085f4                RDMSoftwareVersion::GetVersion()
 .text._ZN18RDMSoftwareVersion16GetVersionLengthEv
                0x00000000080085fc        0x4 build_gd32/lib/rdmsoftwareversion.o
                0x00000000080085fc                RDMSoftwareVersion::GetVersionLength()
 .text._ZN18RDMSoftwareVersion12GetVersionIdEv
                0x0000000008008600        0x8 build_gd32/lib/rdmsoftwareversion.o
                0x0000000008008600                RDMSoftwareVersion::GetVersionId()
 .text._ZN11DMXReceiverC2Ev
                0x0000000008008608       0x28 ../lib-dmxreceiver/lib_gd32/libdmxreceiver.a(dmxreceiver.o)
                0x0000000008008608                DMXReceiver::DMXReceiver()
                0x0000000008008608                DMXReceiver::DMXReceiver()
 .text._ZN11DMXReceiver5StartEv
                0x0000000008008630        0xa ../lib-dmxreceiver/lib_gd32/libdmxreceiver.a(dmxreceiver.o)
                0x0000000008008630                DMXReceiver::Start()
 .text._ZN11DMXReceiver3RunERs
                0x000000000800863a       0x6e ../lib-dmxreceiver/lib_gd32/libdmxreceiver.a(dmxreceiver.o)
                0x000000000800863a                DMXReceiver::Run(short&)
 .text._ZN12RDMResponderC2EP14RDMPersonalityP8LightSet
                0x00000000080086a8       0x26 ../lib-rdmresponder/lib_gd32/librdmresponder.a(rdmresponder.o)
                0x00000000080086a8                RDMResponder::RDMResponder(RDMPersonality*, LightSet*)
                0x00000000080086a8                RDMResponder::RDMResponder(RDMPersonality*, LightSet*)
 .text._ZN12RDMResponder4InitEv
                0x00000000080086ce        0x8 ../lib-rdmresponder/lib_gd32/librdmresponder.a(rdmresponder.o)
                0x00000000080086ce                RDMResponder::Init()
 .text._ZN12RDMResponder14HandleResponseEPh
                0x00000000080086d6       0x2e ../lib-rdmresponder/lib_gd32/librdmresponder.a(rdmresponder.o)
                0x00000000080086d6                RDMResponder::HandleResponse(unsigned char*)
 .text._ZN12RDMResponder3RunEv
                0x0000000008008704       0x94 ../lib-rdmresponder/lib_gd32/librdmresponder.a(rdmresponder.o)
                0x0000000008008704                RDMResponder::Run()
 .text._ZN12RDMResponder5PrintEv
                0x0000000008008798        0x8 ../lib-rdmresponder/lib_gd32/librdmresponder.a(rdmresponder.o)
                0x0000000008008798                RDMResponder::Print()
 .text._ZN10RDMSensorsC2Ev
                0x00000000080087a0       0x34 ../lib-rdmsensor/lib_gd32/librdmsensor.a(rdmsensors.o)
                0x00000000080087a0                RDMSensors::RDMSensors()
                0x00000000080087a0                RDMSensors::RDMSensors()
 .text._ZN10RDMSensors12GetDefintionEh
                0x00000000080087d4        0xa ../lib-rdmsensor/lib_gd32/librdmsensor.a(rdmsensors.o)
                0x00000000080087d4                RDMSensors::GetDefintion(unsigned char)
 .text._ZN10RDMSensors9GetValuesEh
                0x00000000080087de        0xa ../lib-rdmsensor/lib_gd32/librdmsensor.a(rdmsensors.o)
                0x00000000080087de                RDMSensors::GetValues(unsigned char)
 .text._ZN10RDMSensors9SetValuesEh
                0x00000000080087e8       0x2e ../lib-rdmsensor/lib_gd32/librdmsensor.a(rdmsensors.o)
                0x00000000080087e8                RDMSensors::SetValues(unsigned char)
 .text._ZN10RDMSensors9SetRecordEh
                0x0000000008008816       0x2e ../lib-rdmsensor/lib_gd32/librdmsensor.a(rdmsensors.o)
                0x0000000008008816                RDMSensors::SetRecord(unsigned char)
 .text._ZN10RDMSensors3AddEP9RDMSensor
                0x0000000008008844       0x1e ../lib-rdmsensor/lib_gd32/librdmsensor.a(rdmsensorsadd.o)
                0x0000000008008844                RDMSensors::Add(RDMSensor*)
 .text._ZN14RDMSensorBH17010InitializeEv
                0x0000000008008862        0x6 ../lib-rdmsensor/lib_gd32/librdmsensor.a(rdmsensorsparams.o)
                0x0000000008008862                RDMSensorBH170::Initialize()
 .text._ZN16RDMSensorMCP980810InitializeEv
                0x0000000008008868        0x6 ../lib-rdmsensor/lib_gd32/librdmsensor.a(rdmsensorsparams.o)
                0x0000000008008868                RDMSensorMCP9808::Initialize()
 .text._ZN23RDMSensorHTU21DHumidity10InitializeEv
                0x000000000800886e        0x6 ../lib-rdmsensor/lib_gd32/librdmsensor.a(rdmsensorsparams.o)
                0x000000000800886e                RDMSensorHTU21DHumidity::Initialize()
 .text._ZN26RDMSensorHTU21DTemperature10InitializeEv
                0x0000000008008874        0x6 ../lib-rdmsensor/lib_gd32/librdmsensor.a(rdmsensorsparams.o)
                0x0000000008008874                RDMSensorHTU21DTemperature::Initialize()
 .text._ZN22RDMSensorINA219Current10InitializeEv
                0x000000000800887a        0x6 ../lib-rdmsensor/lib_gd32/librdmsensor.a(rdmsensorsparams.o)
                0x000000000800887a                RDMSensorINA219Current::Initialize()
 .text._ZN20RDMSensorINA219Power10InitializeEv
                0x0000000008008880        0x6 ../lib-rdmsensor/lib_gd32/librdmsensor.a(rdmsensorsparams.o)
                0x0000000008008880                RDMSensorINA219Power::Initialize()
 .text._ZN22RDMSensorINA219Voltage10InitializeEv
                0x0000000008008886        0x6 ../lib-rdmsensor/lib_gd32/librdmsensor.a(rdmsensorsparams.o)
                0x0000000008008886                RDMSensorINA219Voltage::Initialize()
 .text._ZN23RDMSensorSI7021Humidity10InitializeEv
                0x000000000800888c        0x6 ../lib-rdmsensor/lib_gd32/librdmsensor.a(rdmsensorsparams.o)
                0x000000000800888c                RDMSensorSI7021Humidity::Initialize()
 .text._ZN26RDMSensorSI7021Temperature10InitializeEv
                0x0000000008008892        0x6 ../lib-rdmsensor/lib_gd32/librdmsensor.a(rdmsensorsparams.o)
                0x0000000008008892                RDMSensorSI7021Temperature::Initialize()
 .text._ZN26RDMSensorSI7021Temperature8GetValueEv
                0x0000000008008898       0x10 ../lib-rdmsensor/lib_gd32/librdmsensor.a(rdmsensorsparams.o)
                0x0000000008008898                RDMSensorSI7021Temperature::GetValue()
 .text._ZN23RDMSensorSI7021Humidity8GetValueEv
                0x00000000080088a8       0x10 ../lib-rdmsensor/lib_gd32/librdmsensor.a(rdmsensorsparams.o)
                0x00000000080088a8                RDMSensorSI7021Humidity::GetValue()
 .text._ZN22RDMSensorINA219Voltage8GetValueEv
                0x00000000080088b8       0x1c ../lib-rdmsensor/lib_gd32/librdmsensor.a(rdmsensorsparams.o)
                0x00000000080088b8                RDMSensorINA219Voltage::GetValue()
 .text._ZN20RDMSensorINA219Power8GetValueEv
                0x00000000080088d4       0x10 ../lib-rdmsensor/lib_gd32/librdmsensor.a(rdmsensorsparams.o)
                0x00000000080088d4                RDMSensorINA219Power::GetValue()
 .text._ZN22RDMSensorINA219Current8GetValueEv
                0x00000000080088e4       0x1c ../lib-rdmsensor/lib_gd32/librdmsensor.a(rdmsensorsparams.o)
                0x00000000080088e4                RDMSensorINA219Current::GetValue()
 .text._ZN26RDMSensorHTU21DTemperature8GetValueEv
                0x0000000008008900       0x10 ../lib-rdmsensor/lib_gd32/librdmsensor.a(rdmsensorsparams.o)
                0x0000000008008900                RDMSensorHTU21DTemperature::GetValue()
 .text._ZN23RDMSensorHTU21DHumidity8GetValueEv
                0x0000000008008910       0x10 ../lib-rdmsensor/lib_gd32/librdmsensor.a(rdmsensorsparams.o)
                0x0000000008008910                RDMSensorHTU21DHumidity::GetValue()
 .text._ZN16RDMSensorMCP98088GetValueEv
                0x0000000008008920       0x10 ../lib-rdmsensor/lib_gd32/librdmsensor.a(rdmsensorsparams.o)
                0x0000000008008920                RDMSensorMCP9808::GetValue()
 .text._ZN14RDMSensorBH1708GetValueEv
                0x0000000008008930        0xe ../lib-rdmsensor/lib_gd32/librdmsensor.a(rdmsensorsparams.o)
                0x0000000008008930                RDMSensorBH170::GetValue()
 .text._ZN26RDMSensorSI7021TemperatureD2Ev
                0x000000000800893e        0x2 ../lib-rdmsensor/lib_gd32/librdmsensor.a(rdmsensorsparams.o)
                0x000000000800893e                RDMSensorSI7021Temperature::~RDMSensorSI7021Temperature()
                0x000000000800893e                RDMSensorSI7021Temperature::~RDMSensorSI7021Temperature()
 .text._ZN26RDMSensorSI7021TemperatureD0Ev
                0x0000000008008940        0xc ../lib-rdmsensor/lib_gd32/librdmsensor.a(rdmsensorsparams.o)
                0x0000000008008940                RDMSensorSI7021Temperature::~RDMSensorSI7021Temperature()
 .text._ZN23RDMSensorSI7021HumidityD2Ev
                0x000000000800894c        0x2 ../lib-rdmsensor/lib_gd32/librdmsensor.a(rdmsensorsparams.o)
                0x000000000800894c                RDMSensorSI7021Humidity::~RDMSensorSI7021Humidity()
                0x000000000800894c                RDMSensorSI7021Humidity::~RDMSensorSI7021Humidity()
 .text._ZN23RDMSensorSI7021HumidityD0Ev
                0x000000000800894e        0xc ../lib-rdmsensor/lib_gd32/librdmsensor.a(rdmsensorsparams.o)
                0x000000000800894e                RDMSensorSI7021Humidity::~RDMSensorSI7021Humidity()
 .text._ZN22RDMSensorINA219VoltageD2Ev
                0x000000000800895a        0x2 ../lib-rdmsensor/lib_gd32/librdmsensor.a(rdmsensorsparams.o)
                0x000000000800895a                RDMSensorINA219Voltage::~RDMSensorINA219Voltage()
                0x000000000800895a                RDMSensorINA219Voltage::~RDMSensorINA219Voltage()
 .text._ZN22RDMSensorINA219VoltageD0Ev
                0x000000000800895c        0xc ../lib-rdmsensor/lib_gd32/librdmsensor.a(rdmsensorsparams.o)
                0x000000000800895c                RDMSensorINA219Voltage::~RDMSensorINA219Voltage()
 .text._ZN20RDMSensorINA219PowerD2Ev
                0x0000000008008968        0x2 ../lib-rdmsensor/lib_gd32/librdmsensor.a(rdmsensorsparams.o)
                0x0000000008008968                RDMSensorINA219Power::~RDMSensorINA219Power()
                0x0000000008008968                RDMSensorINA219Power::~RDMSensorINA219Power()
 .text._ZN20RDMSensorINA219PowerD0Ev
                0x000000000800896a        0xc ../lib-rdmsensor/lib_gd32/librdmsensor.a(rdmsensorsparams.o)
                0x000000000800896a                RDMSensorINA219Power::~RDMSensorINA219Power()
 .text._ZN22RDMSensorINA219CurrentD2Ev
                0x0000000008008976        0x2 ../lib-rdmsensor/lib_gd32/librdmsensor.a(rdmsensorsparams.o)
                0x0000000008008976                RDMSensorINA219Current::~RDMSensorINA219Current()
                0x0000000008008976                RDMSensorINA219Current::~RDMSensorINA219Current()
 .text._ZN22RDMSensorINA219CurrentD0Ev
                0x0000000008008978        0xc ../lib-rdmsensor/lib_gd32/librdmsensor.a(rdmsensorsparams.o)
                0x0000000008008978                RDMSensorINA219Current::~RDMSensorINA219Current()
 .text._ZN26RDMSensorHTU21DTemperatureD2Ev
                0x0000000008008984        0x2 ../lib-rdmsensor/lib_gd32/librdmsensor.a(rdmsensorsparams.o)
                0x0000000008008984                RDMSensorHTU21DTemperature::~RDMSensorHTU21DTemperature()
                0x0000000008008984                RDMSensorHTU21DTemperature::~RDMSensorHTU21DTemperature()
 .text._ZN26RDMSensorHTU21DTemperatureD0Ev
                0x0000000008008986        0xc ../lib-rdmsensor/lib_gd32/librdmsensor.a(rdmsensorsparams.o)
                0x0000000008008986                RDMSensorHTU21DTemperature::~RDMSensorHTU21DTemperature()
 .text._ZN23RDMSensorHTU21DHumidityD2Ev
                0x0000000008008992        0x2 ../lib-rdmsensor/lib_gd32/librdmsensor.a(rdmsensorsparams.o)
                0x0000000008008992                RDMSensorHTU21DHumidity::~RDMSensorHTU21DHumidity()
                0x0000000008008992                RDMSensorHTU21DHumidity::~RDMSensorHTU21DHumidity()
 .text._ZN23RDMSensorHTU21DHumidityD0Ev
                0x0000000008008994        0xc ../lib-rdmsensor/lib_gd32/librdmsensor.a(rdmsensorsparams.o)
                0x0000000008008994                RDMSensorHTU21DHumidity::~RDMSensorHTU21DHumidity()
 .text._ZN16RDMSensorMCP9808D2Ev
                0x00000000080089a0        0x2 ../lib-rdmsensor/lib_gd32/librdmsensor.a(rdmsensorsparams.o)
                0x00000000080089a0                RDMSensorMCP9808::~RDMSensorMCP9808()
                0x00000000080089a0                RDMSensorMCP9808::~RDMSensorMCP9808()
 .text._ZN16RDMSensorMCP9808D0Ev
                0x00000000080089a2        0xc ../lib-rdmsensor/lib_gd32/librdmsensor.a(rdmsensorsparams.o)
                0x00000000080089a2                RDMSensorMCP9808::~RDMSensorMCP9808()
 .text._ZN14RDMSensorBH170D2Ev
                0x00000000080089ae        0x2 ../lib-rdmsensor/lib_gd32/librdmsensor.a(rdmsensorsparams.o)
                0x00000000080089ae                RDMSensorBH170::~RDMSensorBH170()
                0x00000000080089ae                RDMSensorBH170::~RDMSensorBH170()
 .text._ZN14RDMSensorBH170D0Ev
                0x00000000080089b0        0xc ../lib-rdmsensor/lib_gd32/librdmsensor.a(rdmsensorsparams.o)
                0x00000000080089b0                RDMSensorBH170::~RDMSensorBH170()
 .text._ZN16RDMSensorsParamsC2EP21RDMSensorsParamsStore
                0x00000000080089bc        0x4 ../lib-rdmsensor/lib_gd32/librdmsensor.a(rdmsensorsparams.o)
                0x00000000080089bc                RDMSensorsParams::RDMSensorsParams(RDMSensorsParamsStore*)
                0x00000000080089bc                RDMSensorsParams::RDMSensorsParams(RDMSensorsParamsStore*)
 .text._ZN16RDMSensorsParams4LoadEv
                0x00000000080089c0       0x18 ../lib-rdmsensor/lib_gd32/librdmsensor.a(rdmsensorsparams.o)
                0x00000000080089c0                RDMSensorsParams::Load()
 .text._ZN16RDMSensorsParams4DumpEv
                0x00000000080089d8        0x2 ../lib-rdmsensor/lib_gd32/librdmsensor.a(rdmsensorsparams.o)
                0x00000000080089d8                RDMSensorsParams::Dump()
 *fill*         0x00000000080089da        0x2 
 .text._ZN16RDMSensorsParams3AddEP9RDMSensor
                0x00000000080089dc       0x2c ../lib-rdmsensor/lib_gd32/librdmsensor.a(rdmsensorsparams.o)
                0x00000000080089dc                RDMSensorsParams::Add(RDMSensor*)
 .text._ZN16RDMSensorsParams3SetEv
                0x0000000008008a08      0x2f8 ../lib-rdmsensor/lib_gd32/librdmsensor.a(rdmsensorsparams.o)
                0x0000000008008a08                RDMSensorsParams::Set()
 .text._ZN14CpuTemperature10InitializeEv
                0x0000000008008d00        0x4 ../lib-rdmsensor/lib_gd32/librdmsensor.a(cputemperature.o)
                0x0000000008008d00                CpuTemperature::Initialize()
 .text._ZN14CpuTemperatureD2Ev
                0x0000000008008d04        0x2 ../lib-rdmsensor/lib_gd32/librdmsensor.a(cputemperature.o)
                0x0000000008008d04                CpuTemperature::~CpuTemperature()
                0x0000000008008d04                CpuTemperature::~CpuTemperature()
 .text._ZN14CpuTemperature8GetValueEv
                0x0000000008008d06        0xe ../lib-rdmsensor/lib_gd32/librdmsensor.a(cputemperature.o)
                0x0000000008008d06                CpuTemperature::GetValue()
 .text._ZN14CpuTemperatureD0Ev
                0x0000000008008d14        0xc ../lib-rdmsensor/lib_gd32/librdmsensor.a(cputemperature.o)
                0x0000000008008d14                CpuTemperature::~CpuTemperature()
 .text._ZN14CpuTemperatureC2Eh
                0x0000000008008d20       0x38 ../lib-rdmsensor/lib_gd32/librdmsensor.a(cputemperature.o)
                0x0000000008008d20                CpuTemperature::CpuTemperature(unsigned char)
                0x0000000008008d20                CpuTemperature::CpuTemperature(unsigned char)
 .text._ZN9RDMSensorC2Eh
                0x0000000008008d58       0x20 ../lib-rdmsensor/lib_gd32/librdmsensor.a(rdmsensor.o)
                0x0000000008008d58                RDMSensor::RDMSensor(unsigned char)
                0x0000000008008d58                RDMSensor::RDMSensor(unsigned char)
 .text._ZN9RDMSensor14SetDescriptionEPKc
                0x0000000008008d78       0x1c ../lib-rdmsensor/lib_gd32/librdmsensor.a(rdmsensor.o)
                0x0000000008008d78                RDMSensor::SetDescription(char const*)
 .text._ZN9RDMSensor9GetValuesEv
                0x0000000008008d94       0x2a ../lib-rdmsensor/lib_gd32/librdmsensor.a(rdmsensor.o)
                0x0000000008008d94                RDMSensor::GetValues()
 .text._ZN9RDMSensor9SetValuesEv
                0x0000000008008dbe       0x14 ../lib-rdmsensor/lib_gd32/librdmsensor.a(rdmsensor.o)
                0x0000000008008dbe                RDMSensor::SetValues()
 .text._ZN9RDMSensor6RecordEv
                0x0000000008008dd2       0x28 ../lib-rdmsensor/lib_gd32/librdmsensor.a(rdmsensor.o)
                0x0000000008008dd2                RDMSensor::Record()
 .text._ZN7HAL_I2C5WriteEc
                0x0000000008008dfa       0x22 ../lib-device/lib_gd32/libdevice.a(bh1750.o)
                0x0000000008008dfa                HAL_I2C::Write(char)
 .text._ZN6sensor5BH170C2Eh
                0x0000000008008e1c       0x68 ../lib-device/lib_gd32/libdevice.a(bh1750.o)
                0x0000000008008e1c                sensor::BH170::BH170(unsigned char)
                0x0000000008008e1c                sensor::BH170::BH170(unsigned char)
 .text._ZN6sensor5BH1703GetEv
                0x0000000008008e84       0x40 ../lib-device/lib_gd32/libdevice.a(bh1750.o)
                0x0000000008008e84                sensor::BH170::Get()
 .text._ZN6sensor6HTU21DC2Eh
                0x0000000008008ec4       0x54 ../lib-device/lib_gd32/libdevice.a(htu21d.o)
                0x0000000008008ec4                sensor::HTU21D::HTU21D(unsigned char)
                0x0000000008008ec4                sensor::HTU21D::HTU21D(unsigned char)
 .text._ZN6sensor6HTU21D7ReadRawEh
                0x0000000008008f18       0x6c ../lib-device/lib_gd32/libdevice.a(htu21d.o)
                0x0000000008008f18                sensor::HTU21D::ReadRaw(unsigned char)
 .text._ZN6sensor6HTU21D14GetTemperatureEv
                0x0000000008008f84       0x2c ../lib-device/lib_gd32/libdevice.a(htu21d.o)
                0x0000000008008f84                sensor::HTU21D::GetTemperature()
 .text._ZN6sensor6HTU21D11GetHumidityEv
                0x0000000008008fb0       0x2c ../lib-device/lib_gd32/libdevice.a(htu21d.o)
                0x0000000008008fb0                sensor::HTU21D::GetHumidity()
 .text._ZN7HAL_I2C13WriteRegisterEht
                0x0000000008008fdc       0x2a ../lib-device/lib_gd32/libdevice.a(ina219.o)
                0x0000000008008fdc                HAL_I2C::WriteRegister(unsigned char, unsigned short)
 .text._ZN7HAL_I2C21ReadRegister16DelayUsEhj
                0x0000000008009006       0x3e ../lib-device/lib_gd32/libdevice.a(ina219.o)
                0x0000000008009006                HAL_I2C::ReadRegister16DelayUs(unsigned char, unsigned int)
 .text._ZN6sensor6INA2199ConfigureERNS_6ina2196ConfigE
                0x0000000008009044       0x6c ../lib-device/lib_gd32/libdevice.a(ina219.o)
                0x0000000008009044                sensor::INA219::Configure(sensor::ina219::Config&)
 .text._ZN6sensor6INA2199CalibrateEff
                0x00000000080090b0       0x98 ../lib-device/lib_gd32/libdevice.a(ina219.o)
                0x00000000080090b0                sensor::INA219::Calibrate(float, float)
 .text._ZN6sensor6INA219C2Eh
                0x0000000008009148       0x80 ../lib-device/lib_gd32/libdevice.a(ina219.o)
                0x0000000008009148                sensor::INA219::INA219(unsigned char)
                0x0000000008009148                sensor::INA219::INA219(unsigned char)
 .text._ZN6sensor6INA21915GetShuntCurrentEv
                0x00000000080091c8       0x1a ../lib-device/lib_gd32/libdevice.a(ina219.o)
                0x00000000080091c8                sensor::INA219::GetShuntCurrent()
 .text._ZN6sensor6INA21916GetBusVoltageRawEv
                0x00000000080091e2       0x16 ../lib-device/lib_gd32/libdevice.a(ina219.o)
                0x00000000080091e2                sensor::INA219::GetBusVoltageRaw()
 .text._ZN6sensor6INA21913GetBusVoltageEv
                0x00000000080091f8       0x18 ../lib-device/lib_gd32/libdevice.a(ina219.o)
                0x00000000080091f8                sensor::INA219::GetBusVoltage()
 .text._ZN6sensor6INA21911GetBusPowerEv
                0x0000000008009210       0x1a ../lib-device/lib_gd32/libdevice.a(ina219.o)
                0x0000000008009210                sensor::INA219::GetBusPower()
 .text._ZN7HAL_I2C14ReadRegister16Eh
                0x000000000800922a       0x48 ../lib-device/lib_gd32/libdevice.a(mcp9808.o)
                0x000000000800922a                HAL_I2C::ReadRegister16(unsigned char)
 *fill*         0x0000000008009272        0x2 
 .text._ZN6sensor7MCP9808C2Eh
                0x0000000008009274       0x7c ../lib-device/lib_gd32/libdevice.a(mcp9808.o)
                0x0000000008009274                sensor::MCP9808::MCP9808(unsigned char)
                0x0000000008009274                sensor::MCP9808::MCP9808(unsigned char)
 .text._ZN6sensor7MCP98083GetEv
                0x00000000080092f0       0x2e ../lib-device/lib_gd32/libdevice.a(mcp9808.o)
                0x00000000080092f0                sensor::MCP9808::Get()
 *fill*         0x000000000800931e        0x2 
 .text._ZN6sensor6SI7021C2Eh
                0x0000000008009320       0x54 ../lib-device/lib_gd32/libdevice.a(si7021.o)
                0x0000000008009320                sensor::SI7021::SI7021(unsigned char)
                0x0000000008009320                sensor::SI7021::SI7021(unsigned char)
 .text._ZN6sensor6SI70217ReadRawEh
                0x0000000008009374       0x6c ../lib-device/lib_gd32/libdevice.a(si7021.o)
                0x0000000008009374                sensor::SI7021::ReadRaw(unsigned char)
 .text._ZN6sensor6SI702114GetTemperatureEv
                0x00000000080093e0       0x2c ../lib-device/lib_gd32/libdevice.a(si7021.o)
                0x00000000080093e0                sensor::SI7021::GetTemperature()
 .text._ZN6sensor6SI702111GetHumidityEv
                0x000000000800940c       0x2c ../lib-device/lib_gd32/libdevice.a(si7021.o)
                0x000000000800940c                sensor::SI7021::GetHumidity()
 .text._ZN13RDMSubDevicesC2Ev
                0x0000000008009438       0x10 ../lib-rdmsubdevice/lib_gd32/librdmsubdevice.a(rdmsubdevices.o)
                0x0000000008009438                RDMSubDevices::RDMSubDevices()
                0x0000000008009438                RDMSubDevices::RDMSubDevices()
 .text._ZN13RDMSubDevices7GetInfoEt
                0x0000000008009448       0x10 ../lib-rdmsubdevice/lib_gd32/librdmsubdevice.a(rdmsubdevices.o)
                0x0000000008009448                RDMSubDevices::GetInfo(unsigned short)
 .text._ZN13RDMSubDevices8GetLabelEtP18TRDMDeviceInfoData
                0x0000000008009458       0x12 ../lib-rdmsubdevice/lib_gd32/librdmsubdevice.a(rdmsubdevices.o)
                0x0000000008009458                RDMSubDevices::GetLabel(unsigned short, TRDMDeviceInfoData*)
 .text._ZN13RDMSubDevices8SetLabelEtPKch
                0x000000000800946a       0x1a ../lib-rdmsubdevice/lib_gd32/librdmsubdevice.a(rdmsubdevices.o)
                0x000000000800946a                RDMSubDevices::SetLabel(unsigned short, char const*, unsigned char)
 .text._ZN13RDMSubDevices18GetDmxStartAddressEt
                0x0000000008009484       0x10 ../lib-rdmsubdevice/lib_gd32/librdmsubdevice.a(rdmsubdevices.o)
                0x0000000008009484                RDMSubDevices::GetDmxStartAddress(unsigned short)
 .text._ZN13RDMSubDevices18SetDmxStartAddressEtt
                0x0000000008009494       0x12 ../lib-rdmsubdevice/lib_gd32/librdmsubdevice.a(rdmsubdevices.o)
                0x0000000008009494                RDMSubDevices::SetDmxStartAddress(unsigned short, unsigned short)
 .text._ZN13RDMSubDevices15GetDmxFootPrintEt
                0x00000000080094a6       0x10 ../lib-rdmsubdevice/lib_gd32/librdmsubdevice.a(rdmsubdevices.o)
                0x00000000080094a6                RDMSubDevices::GetDmxFootPrint(unsigned short)
 .text._ZN13RDMSubDevices21GetPersonalityCurrentEt
                0x00000000080094b6       0x12 ../lib-rdmsubdevice/lib_gd32/librdmsubdevice.a(rdmsubdevices.o)
                0x00000000080094b6                RDMSubDevices::GetPersonalityCurrent(unsigned short)
 .text._ZN13RDMSubDevices21SetPersonalityCurrentEth
                0x00000000080094c8       0x12 ../lib-rdmsubdevice/lib_gd32/librdmsubdevice.a(rdmsubdevices.o)
                0x00000000080094c8                RDMSubDevices::SetPersonalityCurrent(unsigned short, unsigned char)
 .text._ZN13RDMSubDevices19GetPersonalityCountEt
                0x00000000080094da       0x12 ../lib-rdmsubdevice/lib_gd32/librdmsubdevice.a(rdmsubdevices.o)
                0x00000000080094da                RDMSubDevices::GetPersonalityCount(unsigned short)
 .text._ZN13RDMSubDevices14GetPersonalityEth
                0x00000000080094ec       0x12 ../lib-rdmsubdevice/lib_gd32/librdmsubdevice.a(rdmsubdevices.o)
                0x00000000080094ec                RDMSubDevices::GetPersonality(unsigned short, unsigned char)
 .text._ZN13RDMSubDevices5StartEv
                0x00000000080094fe       0x20 ../lib-rdmsubdevice/lib_gd32/librdmsubdevice.a(rdmsubdevices.o)
                0x00000000080094fe                RDMSubDevices::Start()
 .text._ZN13RDMSubDevices4StopEv
                0x000000000800951e       0x20 ../lib-rdmsubdevice/lib_gd32/librdmsubdevice.a(rdmsubdevices.o)
                0x000000000800951e                RDMSubDevices::Stop()
 .text._ZN13RDMSubDevices7SetDataEPKhj
                0x000000000800953e       0x36 ../lib-rdmsubdevice/lib_gd32/librdmsubdevice.a(rdmsubdevices.o)
                0x000000000800953e                RDMSubDevices::SetData(unsigned char const*, unsigned int)
 .text._ZN13RDMSubDevices18GetFactoryDefaultsEv
                0x0000000008009574       0x26 ../lib-rdmsubdevice/lib_gd32/librdmsubdevice.a(rdmsubdevices.o)
                0x0000000008009574                RDMSubDevices::GetFactoryDefaults()
 .text._ZN13RDMSubDevices18SetFactoryDefaultsEv
                0x000000000800959a       0x1e ../lib-rdmsubdevice/lib_gd32/librdmsubdevice.a(rdmsubdevices.o)
                0x000000000800959a                RDMSubDevices::SetFactoryDefaults()
 .text._ZN19RDMSubDevicesParamsC2EP24RDMSubDevicesParamsStore
                0x00000000080095b8        0x4 ../lib-rdmsubdevice/lib_gd32/librdmsubdevice.a(rdmsubdevicesparams.o)
                0x00000000080095b8                RDMSubDevicesParams::RDMSubDevicesParams(RDMSubDevicesParamsStore*)
                0x00000000080095b8                RDMSubDevicesParams::RDMSubDevicesParams(RDMSubDevicesParamsStore*)
 .text._ZN19RDMSubDevicesParams4LoadEv
                0x00000000080095bc       0x18 ../lib-rdmsubdevice/lib_gd32/librdmsubdevice.a(rdmsubdevicesparams.o)
                0x00000000080095bc                RDMSubDevicesParams::Load()
 .text._ZN19RDMSubDevicesParams4DumpEv
                0x00000000080095d4        0x2 ../lib-rdmsubdevice/lib_gd32/librdmsubdevice.a(rdmsubdevicesparams.o)
                0x00000000080095d4                RDMSubDevicesParams::Dump()
 .text._ZN19RDMSubDevicesParams3SetEv
                0x00000000080095d6        0x2 ../lib-rdmsubdevice/lib_gd32/librdmsubdevice.a(rdmsubdevicesparams.o)
                0x00000000080095d6                RDMSubDevicesParams::Set()
 .text._ZN12RDMSubDevice18SetDmxStartAddressEt
                0x00000000080095d8        0xa ../lib-rdmsubdevice/lib_gd32/librdmsubdevice.a(rdmsubdevice.o)
                0x00000000080095d8                RDMSubDevice::SetDmxStartAddress(unsigned short)
 .text._ZN12RDMSubDevice14GetPersonalityEh
                0x00000000080095e2        0xe ../lib-rdmsubdevice/lib_gd32/librdmsubdevice.a(rdmsubdevice.o)
                0x00000000080095e2                RDMSubDevice::GetPersonality(unsigned char)
 .text._ZN12RDMSubDevice8GetLabelEP18TRDMDeviceInfoData
                0x00000000080095f0        0xe ../lib-rdmsubdevice/lib_gd32/librdmsubdevice.a(rdmsubdevice.o)
                0x00000000080095f0                RDMSubDevice::GetLabel(TRDMDeviceInfoData*)
 .text._ZN12RDMSubDevice8SetLabelEPKc
                0x00000000080095fe       0x1c ../lib-rdmsubdevice/lib_gd32/librdmsubdevice.a(rdmsubdevice.o)
                0x00000000080095fe                RDMSubDevice::SetLabel(char const*)
 .text._ZN12RDMSubDevice8SetLabelEPKch
                0x000000000800961a       0x1e ../lib-rdmsubdevice/lib_gd32/librdmsubdevice.a(rdmsubdevice.o)
                0x000000000800961a                RDMSubDevice::SetLabel(char const*, unsigned char)
 .text._ZN12RDMSubDevice21SetPersonalityCurrentEh
                0x0000000008009638        0x6 ../lib-rdmsubdevice/lib_gd32/librdmsubdevice.a(rdmsubdevice.o)
                0x0000000008009638                RDMSubDevice::SetPersonalityCurrent(unsigned char)
 .text._ZN12RDMSubDevice18SetFactoryDefaultsEv
                0x000000000800963e       0x20 ../lib-rdmsubdevice/lib_gd32/librdmsubdevice.a(rdmsubdevice.o)
                0x000000000800963e                RDMSubDevice::SetFactoryDefaults()
 .text._ZN12RDMSubDevice17CalculateChecksumEv
                0x000000000800965e       0x32 ../lib-rdmsubdevice/lib_gd32/librdmsubdevice.a(rdmsubdevice.o)
                0x000000000800965e                RDMSubDevice::CalculateChecksum()
 .text._ZN12RDMSubDevice18GetFactoryDefaultsEv
                0x0000000008009690       0x1a ../lib-rdmsubdevice/lib_gd32/librdmsubdevice.a(rdmsubdevice.o)
                0x0000000008009690                RDMSubDevice::GetFactoryDefaults()
 .text.memcpy.isra.0
                0x00000000080096aa        0x4 ../lib-rdm/lib_gd32/librdm.a(rdmdeviceparams.o)
 *fill*         0x00000000080096ae        0x2 
 .text._ZN15RDMDeviceParamsC2EP20RDMDeviceParamsStore
                0x00000000080096b0       0x24 ../lib-rdm/lib_gd32/librdm.a(rdmdeviceparams.o)
                0x00000000080096b0                RDMDeviceParams::RDMDeviceParams(RDMDeviceParamsStore*)
                0x00000000080096b0                RDMDeviceParams::RDMDeviceParams(RDMDeviceParamsStore*)
 .text._ZN15RDMDeviceParams4LoadEv
                0x00000000080096d4       0x16 ../lib-rdm/lib_gd32/librdm.a(rdmdeviceparams.o)
                0x00000000080096d4                RDMDeviceParams::Load()
 .text._ZN15RDMDeviceParams3SetEP9RDMDevice
                0x00000000080096ea       0x6a ../lib-rdm/lib_gd32/librdm.a(rdmdeviceparams.o)
                0x00000000080096ea                RDMDeviceParams::Set(RDMDevice*)
 .text._ZN15RDMDeviceParams4DumpEv
                0x0000000008009754        0x2 ../lib-rdm/lib_gd32/librdm.a(rdmdeviceparams.o)
                0x0000000008009754                RDMDeviceParams::Dump()
 .text._ZN9RDMDevice8SetLabelEPK18TRDMDeviceInfoData
                0x0000000008009756       0x52 ../lib-rdm/lib_gd32/librdm.a(rdmdeviceresponder.o)
                0x0000000008009756                RDMDevice::SetLabel(TRDMDeviceInfoData const*)
 .text._ZN18RDMDeviceResponderC2EP14RDMPersonalityP8LightSet
                0x00000000080097a8       0xa4 ../lib-rdm/lib_gd32/librdm.a(rdmdeviceresponder.o)
                0x00000000080097a8                RDMDeviceResponder::RDMDeviceResponder(RDMPersonality*, LightSet*)
                0x00000000080097a8                RDMDeviceResponder::RDMDeviceResponder(RDMPersonality*, LightSet*)
 .text._ZN18RDMDeviceResponder4InitEv
                0x000000000800984c      0x102 ../lib-rdm/lib_gd32/librdm.a(rdmdeviceresponder.o)
                0x000000000800984c                RDMDeviceResponder::Init()
 *fill*         0x000000000800994e        0x2 
 .text._ZN18RDMDeviceResponder5PrintEv
                0x0000000008009950       0x9c ../lib-rdm/lib_gd32/librdm.a(rdmdeviceresponderprint.o)
                0x0000000008009950                RDMDeviceResponder::Print()
 .text.memcmp   0x00000000080099ec       0x20 ../lib-rdm/lib_gd32/librdm.a(rdmhandler.o)
 .text.memcpy.isra.0
                0x0000000008009a0c       0x14 ../lib-rdm/lib_gd32/librdm.a(rdmhandler.o)
 .text._ZN18RDMDeviceResponder18SetDmxStartAddressEtt
                0x0000000008009a20       0x36 ../lib-rdm/lib_gd32/librdm.a(rdmhandler.o)
                0x0000000008009a20                RDMDeviceResponder::SetDmxStartAddress(unsigned short, unsigned short)
 .text._ZN18RDMDeviceResponder19GetPersonalityCountEt
                0x0000000008009a56       0x14 ../lib-rdm/lib_gd32/librdm.a(rdmhandler.o)
                0x0000000008009a56                RDMDeviceResponder::GetPersonalityCount(unsigned short)
 .text._ZN10RDMHandlerC2Eb
                0x0000000008009a6a        0xc ../lib-rdm/lib_gd32/librdm.a(rdmhandler.o)
                0x0000000008009a6a                RDMHandler::RDMHandler(bool)
                0x0000000008009a6a                RDMHandler::RDMHandler(bool)
 .text._ZN10RDMHandler12HandleStringEPKcj
                0x0000000008009a76       0x18 ../lib-rdm/lib_gd32/librdm.a(rdmhandler.o)
                0x0000000008009a76                RDMHandler::HandleString(char const*, unsigned int)
 *fill*         0x0000000008009a8e        0x2 
 .text._ZN10RDMHandler20CreateRespondMessageEht
                0x0000000008009a90       0x9c ../lib-rdm/lib_gd32/librdm.a(rdmhandler.o)
                0x0000000008009a90                RDMHandler::CreateRespondMessage(unsigned char, unsigned short)
 .text._ZN10RDMHandler17RespondMessageAckEv
                0x0000000008009b2c       0x12 ../lib-rdm/lib_gd32/librdm.a(rdmhandler.o)
                0x0000000008009b2c                RDMHandler::RespondMessageAck()
 *fill*         0x0000000008009b3e        0x2 
 .text._ZN10RDMHandler22GetSupportedParametersEt
                0x0000000008009b40       0x6c ../lib-rdm/lib_gd32/librdm.a(rdmhandler.o)
                0x0000000008009b40                RDMHandler::GetSupportedParameters(unsigned short)
 .text._ZN10RDMHandler13GetDeviceInfoEt
                0x0000000008009bac       0x68 ../lib-rdm/lib_gd32/librdm.a(rdmhandler.o)
                0x0000000008009bac                RDMHandler::GetDeviceInfo(unsigned short)
 .text._ZN10RDMHandler18GetFactoryDefaultsEt
                0x0000000008009c14       0x80 ../lib-rdm/lib_gd32/librdm.a(rdmhandler.o)
                0x0000000008009c14                RDMHandler::GetFactoryDefaults(unsigned short)
 .text._ZN10RDMHandler22GetProductDetailIdListEt
                0x0000000008009c94       0x1c ../lib-rdm/lib_gd32/librdm.a(rdmhandler.o)
                0x0000000008009c94                RDMHandler::GetProductDetailIdList(unsigned short)
 .text._ZN10RDMHandler25GetDeviceModelDescriptionEt
                0x0000000008009cb0       0x1c ../lib-rdm/lib_gd32/librdm.a(rdmhandler.o)
                0x0000000008009cb0                RDMHandler::GetDeviceModelDescription(unsigned short)
 .text._ZN10RDMHandler20GetManufacturerLabelEt
                0x0000000008009ccc       0x20 ../lib-rdm/lib_gd32/librdm.a(rdmhandler.o)
                0x0000000008009ccc                RDMHandler::GetManufacturerLabel(unsigned short)
 .text._ZN10RDMHandler14GetDeviceLabelEt
                0x0000000008009cec       0x3c ../lib-rdm/lib_gd32/librdm.a(rdmhandler.o)
                0x0000000008009cec                RDMHandler::GetDeviceLabel(unsigned short)
 .text._ZN10RDMHandler23GetSoftwareVersionLabelEt
                0x0000000008009d28       0x24 ../lib-rdm/lib_gd32/librdm.a(rdmhandler.o)
                0x0000000008009d28                RDMHandler::GetSoftwareVersionLabel(unsigned short)
 .text._ZN10RDMHandler17GetIdentifyDeviceEt
                0x0000000008009d4c       0x18 ../lib-rdm/lib_gd32/librdm.a(rdmhandler.o)
                0x0000000008009d4c                RDMHandler::GetIdentifyDevice(unsigned short)
 .text._ZN10RDMHandler11GetLanguageEt
                0x0000000008009d64       0x20 ../lib-rdm/lib_gd32/librdm.a(rdmhandler.o)
                0x0000000008009d64                RDMHandler::GetLanguage(unsigned short)
 .text._ZN10RDMHandler14GetPersonalityEt
                0x0000000008009d84       0x3c ../lib-rdm/lib_gd32/librdm.a(rdmhandler.o)
                0x0000000008009d84                RDMHandler::GetPersonality(unsigned short)
 .text._ZN10RDMHandler18GetDmxStartAddressEt
                0x0000000008009dc0       0x3c ../lib-rdm/lib_gd32/librdm.a(rdmhandler.o)
                0x0000000008009dc0                RDMHandler::GetDmxStartAddress(unsigned short)
 .text._ZN10RDMHandler14GetDeviceHoursEt
                0x0000000008009dfc       0x28 ../lib-rdm/lib_gd32/librdm.a(rdmhandler.o)
                0x0000000008009dfc                RDMHandler::GetDeviceHours(unsigned short)
 .text._ZN10RDMHandler16GetDisplayInvertEt
                0x0000000008009e24       0x1c ../lib-rdm/lib_gd32/librdm.a(rdmhandler.o)
                0x0000000008009e24                RDMHandler::GetDisplayInvert(unsigned short)
 .text._ZN10RDMHandler15GetDisplayLevelEt
                0x0000000008009e40       0x1c ../lib-rdm/lib_gd32/librdm.a(rdmhandler.o)
                0x0000000008009e40                RDMHandler::GetDisplayLevel(unsigned short)
 .text._ZN10RDMHandler16GetRealTimeClockEt
                0x0000000008009e5c       0x48 ../lib-rdm/lib_gd32/librdm.a(rdmhandler.o)
                0x0000000008009e5c                RDMHandler::GetRealTimeClock(unsigned short)
 .text._ZN10RDMHandler13GetPowerStateEt
                0x0000000008009ea4        0xe ../lib-rdm/lib_gd32/librdm.a(rdmhandler.o)
                0x0000000008009ea4                RDMHandler::GetPowerState(unsigned short)
 *fill*         0x0000000008009eb2        0x2 
 .text._ZN10RDMHandler27GetBootSoftwareVersionLabelEt
                0x0000000008009eb4       0x1c ../lib-rdm/lib_gd32/librdm.a(rdmhandler.o)
                0x0000000008009eb4                RDMHandler::GetBootSoftwareVersionLabel(unsigned short)
 .text._ZN10RDMHandler11GetSlotInfoEt
                0x0000000008009ed0       0x98 ../lib-rdm/lib_gd32/librdm.a(rdmhandler.o)
                0x0000000008009ed0                RDMHandler::GetSlotInfo(unsigned short)
 .text._ZN10RDMHandler18RespondMessageNackEt
                0x0000000008009f68        0x8 ../lib-rdm/lib_gd32/librdm.a(rdmhandler.o)
                0x0000000008009f68                RDMHandler::RespondMessageNack(unsigned short)
 .text._ZN10RDMHandler14SetResetDeviceEbt
                0x0000000008009f70       0x2c ../lib-rdm/lib_gd32/librdm.a(rdmhandler.o)
                0x0000000008009f70                RDMHandler::SetResetDevice(bool, unsigned short)
 .text._ZN10RDMHandler17SetIdentifyDeviceEbt
                0x0000000008009f9c       0x54 ../lib-rdm/lib_gd32/librdm.a(rdmhandler.o)
                0x0000000008009f9c                RDMHandler::SetIdentifyDevice(bool, unsigned short)
 .text._ZN10RDMHandler11SetLanguageEbt
                0x0000000008009ff0       0x48 ../lib-rdm/lib_gd32/librdm.a(rdmhandler.o)
                0x0000000008009ff0                RDMHandler::SetLanguage(bool, unsigned short)
 .text._ZN10RDMHandler24GetBootSoftwareVersionIdEt
                0x000000000800a038       0x1e ../lib-rdm/lib_gd32/librdm.a(rdmhandler.o)
                0x000000000800a038                RDMHandler::GetBootSoftwareVersionId(unsigned short)
 *fill*         0x000000000800a056        0x2 
 .text._ZN10RDMHandler14SetPersonalityEbt
                0x000000000800a058       0x58 ../lib-rdm/lib_gd32/librdm.a(rdmhandler.o)
                0x000000000800a058                RDMHandler::SetPersonality(bool, unsigned short)
 .text._ZN10RDMHandler25GetPersonalityDescriptionEt
                0x000000000800a0b0       0x98 ../lib-rdm/lib_gd32/librdm.a(rdmhandler.o)
                0x000000000800a0b0                RDMHandler::GetPersonalityDescription(unsigned short)
 .text._ZN10RDMHandler18SetDmxStartAddressEbt
                0x000000000800a148       0x50 ../lib-rdm/lib_gd32/librdm.a(rdmhandler.o)
                0x000000000800a148                RDMHandler::SetDmxStartAddress(bool, unsigned short)
 .text._ZN10RDMHandler19GetSensorDefinitionEt
                0x000000000800a198       0xa0 ../lib-rdm/lib_gd32/librdm.a(rdmhandler.o)
                0x000000000800a198                RDMHandler::GetSensorDefinition(unsigned short)
 .text._ZN10RDMHandler14GetSensorValueEt
                0x000000000800a238       0x80 ../lib-rdm/lib_gd32/librdm.a(rdmhandler.o)
                0x000000000800a238                RDMHandler::GetSensorValue(unsigned short)
 .text._ZN10RDMHandler14SetSensorValueEbt
                0x000000000800a2b8       0xb4 ../lib-rdm/lib_gd32/librdm.a(rdmhandler.o)
                0x000000000800a2b8                RDMHandler::SetSensorValue(bool, unsigned short)
 .text._ZN10RDMHandler16SetRecordSensorsEbt
                0x000000000800a36c       0x4c ../lib-rdm/lib_gd32/librdm.a(rdmhandler.o)
                0x000000000800a36c                RDMHandler::SetRecordSensors(bool, unsigned short)
 .text._ZN10RDMHandler14SetDeviceHoursEbt
                0x000000000800a3b8        0x6 ../lib-rdm/lib_gd32/librdm.a(rdmhandler.o)
                0x000000000800a3b8                RDMHandler::SetDeviceHours(bool, unsigned short)
 *fill*         0x000000000800a3be        0x2 
 .text._ZN10RDMHandler16SetDisplayInvertEbt
                0x000000000800a3c0       0x4c ../lib-rdm/lib_gd32/librdm.a(rdmhandler.o)
                0x000000000800a3c0                RDMHandler::SetDisplayInvert(bool, unsigned short)
 .text._ZN10RDMHandler15SetDisplayLevelEbt
                0x000000000800a40c       0x48 ../lib-rdm/lib_gd32/librdm.a(rdmhandler.o)
                0x000000000800a40c                RDMHandler::SetDisplayLevel(bool, unsigned short)
 .text._ZN10RDMHandler16SetRealTimeClockEbt
                0x000000000800a454       0x68 ../lib-rdm/lib_gd32/librdm.a(rdmhandler.o)
                0x000000000800a454                RDMHandler::SetRealTimeClock(bool, unsigned short)
 .text._ZN10RDMHandler13SetPowerStateEbt
                0x000000000800a4bc       0x2e ../lib-rdm/lib_gd32/librdm.a(rdmhandler.o)
                0x000000000800a4bc                RDMHandler::SetPowerState(bool, unsigned short)
 *fill*         0x000000000800a4ea        0x2 
 .text._ZN10RDMHandler18GetSlotDescriptionEt
                0x000000000800a4ec       0x7c ../lib-rdm/lib_gd32/librdm.a(rdmhandler.o)
                0x000000000800a4ec                RDMHandler::GetSlotDescription(unsigned short)
 .text._ZN10RDMHandler18SetFactoryDefaultsEbt
                0x000000000800a568       0xbc ../lib-rdm/lib_gd32/librdm.a(rdmhandler.o)
                0x000000000800a568                RDMHandler::SetFactoryDefaults(bool, unsigned short)
 .text._ZN10RDMHandler14SetDeviceLabelEbt
                0x000000000800a624       0x54 ../lib-rdm/lib_gd32/librdm.a(rdmhandler.o)
                0x000000000800a624                RDMHandler::SetDeviceLabel(bool, unsigned short)
 .text._ZN10RDMHandler8HandlersEbhtht
                0x000000000800a678       0xe4 ../lib-rdm/lib_gd32/librdm.a(rdmhandler.o)
                0x000000000800a678                RDMHandler::Handlers(bool, unsigned char, unsigned short, unsigned char, unsigned short)
 .text._ZN10RDMHandler10HandleDataEPKhPh
                0x000000000800a75c      0x174 ../lib-rdm/lib_gd32/librdm.a(rdmhandler.o)
                0x000000000800a75c                RDMHandler::HandleData(unsigned char const*, unsigned char*)
 .text._ZN10RDMHandler15GetIdentifyModeEt
                0x000000000800a8d0       0x18 ../lib-rdm/lib_gd32/librdm.a(rdmhandlere1371.o)
                0x000000000800a8d0                RDMHandler::GetIdentifyMode(unsigned short)
 .text._ZN10RDMHandler15SetIdentifyModeEbt
                0x000000000800a8e8       0x48 ../lib-rdm/lib_gd32/librdm.a(rdmhandlere1371.o)
                0x000000000800a8e8                RDMHandler::SetIdentifyMode(bool, unsigned short)
 .text._ZN11RDMIdentifyC2Ev
                0x000000000800a930       0x18 ../lib-rdm/lib_gd32/librdm.a(rdmidentify.o)
                0x000000000800a930                RDMIdentify::RDMIdentify()
                0x000000000800a930                RDMIdentify::RDMIdentify()
 .text._ZN14RDMPersonalityC2EPKct
                0x000000000800a948       0x2e ../lib-rdm/lib_gd32/librdm.a(rdmpersonality.o)
                0x000000000800a948                RDMPersonality::RDMPersonality(char const*, unsigned short)
                0x000000000800a948                RDMPersonality::RDMPersonality(char const*, unsigned short)
 *fill*         0x000000000800a976        0x2 
 .text._ZN11RDMSlotInfo7bsearchEt
                0x000000000800a978       0x30 ../lib-rdm/lib_gd32/librdm.a(rdmslotinfo.o)
                0x000000000800a978                RDMSlotInfo::bsearch(unsigned short)
 .text._ZN11RDMSlotInfo15GetCategoryTextEtRj
                0x000000000800a9a8       0x34 ../lib-rdm/lib_gd32/librdm.a(rdmslotinfo.o)
                0x000000000800a9a8                RDMSlotInfo::GetCategoryText(unsigned short, unsigned int&)
 .text._ZN9RDMDeviceC2Ev
                0x000000000800a9dc       0xec ../lib-rdm/lib_gd32/librdm.a(rdmdevice.o)
                0x000000000800a9dc                RDMDevice::RDMDevice()
                0x000000000800a9dc                RDMDevice::RDMDevice()
 .text._ZN9RDMDevice5PrintEv
                0x000000000800aac8       0x84 ../lib-rdm/lib_gd32/librdm.a(rdmdeviceprint.o)
                0x000000000800aac8                RDMDevice::Print()
 .text._ZN3Rdm7ReceiveEj
                0x000000000800ab4c       0x10 ../lib-dmx/lib_gd32/libdmx.a(rdm.o)
                0x000000000800ab4c                Rdm::Receive(unsigned int)
 .text._ZN3Rdm7SendRawEjPKhj
                0x000000000800ab5c       0x40 ../lib-dmx/lib_gd32/libdmx.a(rdm.o)
                0x000000000800ab5c                Rdm::SendRaw(unsigned int, unsigned char const*, unsigned int)
 .text._Z25irq_handler_dmx_rdm_inputjj
                0x000000000800ab9c      0x234 ../lib-dmx/lib_gd32/libdmx.a(dmx.o)
                0x000000000800ab9c                irq_handler_dmx_rdm_input(unsigned int, unsigned int)
 .text.USART2_IRQHandler
                0x000000000800add0        0xc ../lib-dmx/lib_gd32/libdmx.a(dmx.o)
                0x000000000800add0                USART2_IRQHandler
 .text.USART5_IRQHandler
                0x000000000800addc        0xc ../lib-dmx/lib_gd32/libdmx.a(dmx.o)
                0x000000000800addc                USART5_IRQHandler
 .text._Z13timer1_configv
                0x000000000800ade8       0xd4 ../lib-dmx/lib_gd32/libdmx.a(dmx.o)
                0x000000000800ade8                timer1_config()
 .text._Z13timer2_configv
                0x000000000800aebc       0x88 ../lib-dmx/lib_gd32/libdmx.a(dmx.o)
                0x000000000800aebc                timer2_config()
 .text._Z13timer6_configv
                0x000000000800af44       0x64 ../lib-dmx/lib_gd32/libdmx.a(dmx.o)
                0x000000000800af44                timer6_config()
 .text._Z11uart_configj
                0x000000000800afa8       0xd8 ../lib-dmx/lib_gd32/libdmx.a(dmx.o)
                0x000000000800afa8                uart_config(unsigned int)
 .text._Z16usart_dma_configv
                0x000000000800b080       0xc0 ../lib-dmx/lib_gd32/libdmx.a(dmx.o)
                0x000000000800b080                usart_dma_config()
 .text.TIMER1_IRQHandler
                0x000000000800b140      0x110 ../lib-dmx/lib_gd32/libdmx.a(dmx.o)
                0x000000000800b140                TIMER1_IRQHandler
 .text.TIMER2_IRQHandler
                0x000000000800b250       0x64 ../lib-dmx/lib_gd32/libdmx.a(dmx.o)
                0x000000000800b250                TIMER2_IRQHandler
 .text.TIMER3_IRQHandler
                0x000000000800b2b4       0x20 ../lib-dmx/lib_gd32/libdmx.a(dmx.o)
                0x000000000800b2b4                TIMER3_IRQHandler
 .text.TIMER6_IRQHandler
                0x000000000800b2d4       0x38 ../lib-dmx/lib_gd32/libdmx.a(dmx.o)
                0x000000000800b2d4                TIMER6_IRQHandler
 .text._ZN3Dmx9ClearDataEj
                0x000000000800b30c       0x30 ../lib-dmx/lib_gd32/libdmx.a(dmx.o)
                0x000000000800b30c                Dmx::ClearData(unsigned int)
 .text._ZN3Dmx9StartDataEjj
                0x000000000800b33c       0x8c ../lib-dmx/lib_gd32/libdmx.a(dmx.o)
                0x000000000800b33c                Dmx::StartData(unsigned int, unsigned int)
 .text._ZN3Dmx8StopDataEjj
                0x000000000800b3c8       0x74 ../lib-dmx/lib_gd32/libdmx.a(dmx.o)
                0x000000000800b3c8                Dmx::StopData(unsigned int, unsigned int)
 .text._ZN3Dmx16SetPortDirectionEjN3dmx13PortDirectionEb
                0x000000000800b43c       0x7c ../lib-dmx/lib_gd32/libdmx.a(dmx.o)
                0x000000000800b43c                Dmx::SetPortDirection(unsigned int, dmx::PortDirection, bool)
 .text._ZN3DmxC2Ev
                0x000000000800b4b8       0x98 ../lib-dmx/lib_gd32/libdmx.a(dmx.o)
                0x000000000800b4b8                Dmx::Dmx()
                0x000000000800b4b8                Dmx::Dmx()
 .text._ZN3Dmx15GetDmxAvailableEj
                0x000000000800b550       0x28 ../lib-dmx/lib_gd32/libdmx.a(dmx.o)
                0x000000000800b550                Dmx::GetDmxAvailable(unsigned int)
 .text._ZN3Dmx19GetUpdatesPerSecondEj
                0x000000000800b578       0x10 ../lib-dmx/lib_gd32/libdmx.a(dmx.o)
                0x000000000800b578                Dmx::GetUpdatesPerSecond(unsigned int)
 .text._ZN3Dmx10RdmSendRawEjPKhj
                0x000000000800b588       0xb4 ../lib-dmx/lib_gd32/libdmx.a(dmx.o)
                0x000000000800b588                Dmx::RdmSendRaw(unsigned int, unsigned char const*, unsigned int)
 .text._ZN3Dmx10RdmReceiveEj
                0x000000000800b63c       0x24 ../lib-dmx/lib_gd32/libdmx.a(dmx.o)
                0x000000000800b63c                Dmx::RdmReceive(unsigned int)
 .text._ZN3Rdm21SendRawRespondMessageEjPKhj
                0x000000000800b660        0x4 ../lib-dmx/lib_gd32/libdmx.a(rdm.o)
                0x000000000800b660                Rdm::SendRawRespondMessage(unsigned int, unsigned char const*, unsigned int)
 .text._ZN3Rdm27SendDiscoveryRespondMessageEjPKhj
                0x000000000800b664       0x74 ../lib-dmx/lib_gd32/libdmx.a(rdm.o)
                0x000000000800b664                Rdm::SendDiscoveryRespondMessage(unsigned int, unsigned char const*, unsigned int)
 .text._ZN9WS28xxDmx18GetDmxStartAddressEv
                0x000000000800b6d8        0x4 ../lib-ws28xxdmx/lib_gd32/libws28xxdmx.a(ws28xxdmx.o)
                0x000000000800b6d8                WS28xxDmx::GetDmxStartAddress()
 .text._ZN9WS28xxDmx15GetDmxFootprintEv
                0x000000000800b6dc        0x4 ../lib-ws28xxdmx/lib_gd32/libws28xxdmx.a(ws28xxdmx.o)
                0x000000000800b6dc                WS28xxDmx::GetDmxFootprint()
 .text._ZN9WS28xxDmxD2Ev
                0x000000000800b6e0       0x20 ../lib-ws28xxdmx/lib_gd32/libws28xxdmx.a(ws28xxdmx.o)
                0x000000000800b6e0                WS28xxDmx::~WS28xxDmx()
                0x000000000800b6e0                WS28xxDmx::~WS28xxDmx()
 .text._ZN9WS28xxDmxD0Ev
                0x000000000800b700       0x12 ../lib-ws28xxdmx/lib_gd32/libws28xxdmx.a(ws28xxdmx.o)
                0x000000000800b700                WS28xxDmx::~WS28xxDmx()
 .text._ZN9WS28xxDmx8BlackoutEb
                0x000000000800b712       0x10 ../lib-ws28xxdmx/lib_gd32/libws28xxdmx.a(ws28xxdmx.o)
                0x000000000800b712                WS28xxDmx::Blackout(bool)
 .text._ZN9WS28xxDmx7SetDataEjPKhj
                0x000000000800b722       0xf2 ../lib-ws28xxdmx/lib_gd32/libws28xxdmx.a(ws28xxdmx.o)
                0x000000000800b722                WS28xxDmx::SetData(unsigned int, unsigned char const*, unsigned int)
 .text._ZN9WS28xxDmx5StartEj
                0x000000000800b814       0x18 ../lib-ws28xxdmx/lib_gd32/libws28xxdmx.a(ws28xxdmx.o)
                0x000000000800b814                WS28xxDmx::Start(unsigned int)
 .text._ZN9WS28xxDmx18SetDmxStartAddressEt
                0x000000000800b82c       0x44 ../lib-ws28xxdmx/lib_gd32/libws28xxdmx.a(ws28xxdmx.o)
                0x000000000800b82c                WS28xxDmx::SetDmxStartAddress(unsigned short)
 .text._ZN9WS28xxDmx11GetSlotInfoEtRN8lightset8SlotInfoE
                0x000000000800b870       0x40 ../lib-ws28xxdmx/lib_gd32/libws28xxdmx.a(ws28xxdmx.o)
                0x000000000800b870                WS28xxDmx::GetSlotInfo(unsigned short, lightset::SlotInfo&)
 .text._ZN9WS28xxDmx4StopEj
                0x000000000800b8b0       0x28 ../lib-ws28xxdmx/lib_gd32/libws28xxdmx.a(ws28xxdmx.o)
                0x000000000800b8b0                WS28xxDmx::Stop(unsigned int)
 .text._ZN9WS28xxDmxC2ER21PixelDmxConfiguration
                0x000000000800b8d8       0x88 ../lib-ws28xxdmx/lib_gd32/libws28xxdmx.a(ws28xxdmx.o)
                0x000000000800b8d8                WS28xxDmx::WS28xxDmx(PixelDmxConfiguration&)
                0x000000000800b8d8                WS28xxDmx::WS28xxDmx(PixelDmxConfiguration&)
 .text._ZN15WS28xxDmxParamsC2EP20WS28xxDmxParamsStore
                0x000000000800b960       0x50 ../lib-ws28xxdmx/lib_gd32/libws28xxdmx.a(ws28xxdmxparams.o)
                0x000000000800b960                WS28xxDmxParams::WS28xxDmxParams(WS28xxDmxParamsStore*)
                0x000000000800b960                WS28xxDmxParams::WS28xxDmxParams(WS28xxDmxParamsStore*)
 .text._ZN15WS28xxDmxParams4LoadEv
                0x000000000800b9b0       0x18 ../lib-ws28xxdmx/lib_gd32/libws28xxdmx.a(ws28xxdmxparams.o)
                0x000000000800b9b0                WS28xxDmxParams::Load()
 .text._ZN15WS28xxDmxParams3SetEP21PixelDmxConfiguration
                0x000000000800b9c8       0x6c ../lib-ws28xxdmx/lib_gd32/libws28xxdmx.a(ws28xxdmxparams.o)
                0x000000000800b9c8                WS28xxDmxParams::Set(PixelDmxConfiguration*)
 .text._ZN15WS28xxDmxParams4DumpEv
                0x000000000800ba34        0x2 ../lib-ws28xxdmx/lib_gd32/libws28xxdmx.a(ws28xxdmxparamsdump.o)
                0x000000000800ba34                WS28xxDmxParams::Dump()
 *fill*         0x000000000800ba36        0x2 
 .text._ZN9WS28xxDmx5PrintEv
                0x000000000800ba38       0x28 ../lib-ws28xxdmx/lib_gd32/libws28xxdmx.a(ws28xxdmxprint.o)
                0x000000000800ba38                WS28xxDmx::Print()
 .text._ZN21PixelDmxConfiguration8ValidateEjRjRN21pixeldmxconfiguration8PortInfoES0_S0_
                0x000000000800ba60       0xb0 ../lib-ws28xxdmx/lib_gd32/libws28xxdmx.a(pixeldmxconfiguration.o)
                0x000000000800ba60                PixelDmxConfiguration::Validate(unsigned int, unsigned int&, pixeldmxconfiguration::PortInfo&, unsigned int&, unsigned int&)
 .text._ZN21PixelDmxConfiguration4DumpEv
                0x000000000800bb10        0x2 ../lib-ws28xxdmx/lib_gd32/libws28xxdmx.a(pixeldmxconfiguration.o)
                0x000000000800bb10                PixelDmxConfiguration::Dump()
 .text._ZN18PixelConfiguration13GetRgbMappingEN5pixel4TypeE
                0x000000000800bb12       0x1e ../lib-ws28xx/lib_gd32/libws28xx.a(pixelconfiguration.o)
                0x000000000800bb12                PixelConfiguration::GetRgbMapping(pixel::Type)
 .text._ZN18PixelConfiguration6GetTxHEN5pixel4TypeERhS2_
                0x000000000800bb30       0x1a ../lib-ws28xx/lib_gd32/libws28xx.a(pixelconfiguration.o)
                0x000000000800bb30                PixelConfiguration::GetTxH(pixel::Type, unsigned char&, unsigned char&)
 *fill*         0x000000000800bb4a        0x2 
 .text._ZN18PixelConfiguration8ValidateERj
                0x000000000800bb4c       0xd8 ../lib-ws28xx/lib_gd32/libws28xx.a(pixelconfiguration.o)
                0x000000000800bb4c                PixelConfiguration::Validate(unsigned int&)
 .text._ZN18PixelConfiguration4DumpEv
                0x000000000800bc24        0x2 ../lib-ws28xx/lib_gd32/libws28xx.a(pixelconfiguration.o)
                0x000000000800bc24                PixelConfiguration::Dump()
 *fill*         0x000000000800bc26        0x2 
 .text._ZN9PixelType7GetTypeEN5pixel4TypeE
                0x000000000800bc28       0x18 ../lib-ws28xx/lib_gd32/libws28xx.a(pixeltype.o)
                0x000000000800bc28                PixelType::GetType(pixel::Type)
 .text._ZN9PixelType6GetMapEN5pixel3MapE
                0x000000000800bc40       0x18 ../lib-ws28xx/lib_gd32/libws28xx.a(pixeltype.o)
                0x000000000800bc40                PixelType::GetMap(pixel::Map)
 .text._ZN9PixelType10ConvertTxHEh
                0x000000000800bc58       0x5c ../lib-ws28xx/lib_gd32/libws28xx.a(pixeltype.o)
                0x000000000800bc58                PixelType::ConvertTxH(unsigned char)
 .text._ZN6WS28xxD2Ev
                0x000000000800bcb4        0xc ../lib-ws28xx/lib_gd32/libws28xx.a(ws28xx.o)
                0x000000000800bcb4                WS28xx::~WS28xx()
                0x000000000800bcb4                WS28xx::~WS28xx()
 .text._ZN6WS28xx6UpdateEv
                0x000000000800bcc0        0x8 ../lib-ws28xx/lib_gd32/libws28xx.a(ws28xx.o)
                0x000000000800bcc0                WS28xx::Update()
 .text._ZN6WS28xx8BlackoutEv
                0x000000000800bcc8       0x18 ../lib-ws28xx/lib_gd32/libws28xx.a(ws28xx.o)
                0x000000000800bcc8                WS28xx::Blackout()
 .text._ZN6WS28xx5PrintEv
                0x000000000800bce0       0x84 ../lib-ws28xx/lib_gd32/libws28xx.a(ws28xx.o)
                0x000000000800bce0                WS28xx::Print()
 .text._ZN6WS28xx14SetColorWS28xxEjh
                0x000000000800bd64       0x1e ../lib-ws28xx/lib_gd32/libws28xx.a(ws28xx.o)
                0x000000000800bd64                WS28xx::SetColorWS28xx(unsigned int, unsigned char)
 .text._ZN6WS28xx8SetPixelEjhhh
                0x000000000800bd82      0x110 ../lib-ws28xx/lib_gd32/libws28xx.a(ws28xx.o)
                0x000000000800bd82                WS28xx::SetPixel(unsigned int, unsigned char, unsigned char, unsigned char)
 .text._ZN6WS28xx12SetupBuffersEv
                0x000000000800be92       0xae ../lib-ws28xx/lib_gd32/libws28xx.a(ws28xx.o)
                0x000000000800be92                WS28xx::SetupBuffers()
 .text._ZN6WS28xxC2ER18PixelConfiguration
                0x000000000800bf40       0x80 ../lib-ws28xx/lib_gd32/libws28xx.a(ws28xx.o)
                0x000000000800bf40                WS28xx::WS28xx(PixelConfiguration&)
                0x000000000800bf40                WS28xx::WS28xx(PixelConfiguration&)
 .text._ZN6WS28xx8SetPixelEjhhhh
                0x000000000800bfc0       0x40 ../lib-ws28xx/lib_gd32/libws28xx.a(ws28xx.o)
                0x000000000800bfc0                WS28xx::SetPixel(unsigned int, unsigned char, unsigned char, unsigned char, unsigned char)
 .text._ZN13SpiFlashStore14GetStoreOffsetEN13spiflashstore5StoreE
                0x000000000800c000       0x1c ../lib-spiflashstore/lib_gd32/libspiflashstore.a(spiflashstore.o)
                0x000000000800c000                SpiFlashStore::GetStoreOffset(spiflashstore::Store)
 .text._ZN13SpiFlashStore4InitEv
                0x000000000800c01c      0x140 ../lib-spiflashstore/lib_gd32/libspiflashstore.a(spiflashstore.o)
                0x000000000800c01c                SpiFlashStore::Init()
 .text._ZN13SpiFlashStoreC2Ev
                0x000000000800c15c       0x4c ../lib-spiflashstore/lib_gd32/libspiflashstore.a(spiflashstore.o)
                0x000000000800c15c                SpiFlashStore::SpiFlashStore()
                0x000000000800c15c                SpiFlashStore::SpiFlashStore()
 .text._ZN13SpiFlashStore12ResetSetListEN13spiflashstore5StoreE
                0x000000000800c1a8       0x24 ../lib-spiflashstore/lib_gd32/libspiflashstore.a(spiflashstore.o)
                0x000000000800c1a8                SpiFlashStore::ResetSetList(spiflashstore::Store)
 .text._ZN13SpiFlashStore6UpdateEN13spiflashstore5StoreEjPKvjjj
                0x000000000800c1cc       0x80 ../lib-spiflashstore/lib_gd32/libspiflashstore.a(spiflashstore.o)
                0x000000000800c1cc                SpiFlashStore::Update(spiflashstore::Store, unsigned int, void const*, unsigned int, unsigned int, unsigned int)
 .text._ZN13SpiFlashStore4CopyEN13spiflashstore5StoreEPvjj
                0x000000000800c24c       0x68 ../lib-spiflashstore/lib_gd32/libspiflashstore.a(spiflashstore.o)
                0x000000000800c24c                SpiFlashStore::Copy(spiflashstore::Store, void*, unsigned int, unsigned int)
 .text._ZN13SpiFlashStore5FlashEv
                0x000000000800c2b4       0xb8 ../lib-spiflashstore/lib_gd32/libspiflashstore.a(spiflashstore.o)
                0x000000000800c2b4                SpiFlashStore::Flash()
 .text._ZN15StoreDisplayUdfD2Ev
                0x000000000800c36c        0x2 ../lib-spiflashstore/lib_gd32/libspiflashstore.a(storedisplayudf.o)
                0x000000000800c36c                StoreDisplayUdf::~StoreDisplayUdf()
                0x000000000800c36c                StoreDisplayUdf::~StoreDisplayUdf()
 *fill*         0x000000000800c36e        0x2 
 .text._ZN15StoreDisplayUdf4CopyEP17TDisplayUdfParams
                0x000000000800c370       0x20 ../lib-spiflashstore/lib_gd32/libspiflashstore.a(storedisplayudf.o)
                0x000000000800c370                StoreDisplayUdf::Copy(TDisplayUdfParams*)
 .text._ZN15StoreDisplayUdf6UpdateEPK17TDisplayUdfParams
                0x000000000800c390       0x24 ../lib-spiflashstore/lib_gd32/libspiflashstore.a(storedisplayudf.o)
                0x000000000800c390                StoreDisplayUdf::Update(TDisplayUdfParams const*)
 .text._ZN15StoreDisplayUdfD0Ev
                0x000000000800c3b4        0xc ../lib-spiflashstore/lib_gd32/libspiflashstore.a(storedisplayudf.o)
                0x000000000800c3b4                StoreDisplayUdf::~StoreDisplayUdf()
 .text._ZN15StoreDisplayUdfC2Ev
                0x000000000800c3c0       0x14 ../lib-spiflashstore/lib_gd32/libspiflashstore.a(storedisplayudf.o)
                0x000000000800c3c0                StoreDisplayUdf::StoreDisplayUdf()
                0x000000000800c3c0                StoreDisplayUdf::StoreDisplayUdf()
 .text._ZN14StoreRDMDeviceD2Ev
                0x000000000800c3d4        0x6 ../lib-spiflashstore/lib_gd32/libspiflashstore.a(storerdmdevice.o)
                0x000000000800c3d4                StoreRDMDevice::~StoreRDMDevice()
                0x000000000800c3d4                StoreRDMDevice::~StoreRDMDevice()
                0x000000000800c3d6                non-virtual thunk to StoreRDMDevice::~StoreRDMDevice()
 *fill*         0x000000000800c3da        0x2 
 .text._ZN14StoreRDMDevice6UpdateEPK16TRDMDeviceParams
                0x000000000800c3dc       0x24 ../lib-spiflashstore/lib_gd32/libspiflashstore.a(storerdmdevice.o)
                0x000000000800c3dc                StoreRDMDevice::Update(TRDMDeviceParams const*)
 .text._ZN14StoreRDMDevice9SaveLabelEPKch
                0x000000000800c400       0x44 ../lib-spiflashstore/lib_gd32/libspiflashstore.a(storerdmdevice.o)
                0x000000000800c400                StoreRDMDevice::SaveLabel(char const*, unsigned char)
                0x000000000800c43c                non-virtual thunk to StoreRDMDevice::SaveLabel(char const*, unsigned char)
 .text._ZN14StoreRDMDeviceD0Ev
                0x000000000800c444       0x12 ../lib-spiflashstore/lib_gd32/libspiflashstore.a(storerdmdevice.o)
                0x000000000800c444                StoreRDMDevice::~StoreRDMDevice()
                0x000000000800c450                non-virtual thunk to StoreRDMDevice::~StoreRDMDevice()
 *fill*         0x000000000800c456        0x2 
 .text._ZN14StoreRDMDevice4CopyEP16TRDMDeviceParams
                0x000000000800c458       0x20 ../lib-spiflashstore/lib_gd32/libspiflashstore.a(storerdmdevice.o)
                0x000000000800c458                StoreRDMDevice::Copy(TRDMDeviceParams*)
 .text._ZN14StoreRDMDeviceC2Ev
                0x000000000800c478       0x18 ../lib-spiflashstore/lib_gd32/libspiflashstore.a(storerdmdevice.o)
                0x000000000800c478                StoreRDMDevice::StoreRDMDevice()
                0x000000000800c478                StoreRDMDevice::StoreRDMDevice()
 .text._ZN15StoreRDMSensorsD2Ev
                0x000000000800c490        0x2 ../lib-spiflashstore/lib_gd32/libspiflashstore.a(storerdmsensors.o)
                0x000000000800c490                StoreRDMSensors::~StoreRDMSensors()
                0x000000000800c490                StoreRDMSensors::~StoreRDMSensors()
 *fill*         0x000000000800c492        0x2 
 .text._ZN15StoreRDMSensors4CopyEP17TRDMSensorsParams
                0x000000000800c494       0x20 ../lib-spiflashstore/lib_gd32/libspiflashstore.a(storerdmsensors.o)
                0x000000000800c494                StoreRDMSensors::Copy(TRDMSensorsParams*)
 .text._ZN15StoreRDMSensors6UpdateEPK17TRDMSensorsParams
                0x000000000800c4b4       0x24 ../lib-spiflashstore/lib_gd32/libspiflashstore.a(storerdmsensors.o)
                0x000000000800c4b4                StoreRDMSensors::Update(TRDMSensorsParams const*)
 .text._ZN15StoreRDMSensorsD0Ev
                0x000000000800c4d8        0xc ../lib-spiflashstore/lib_gd32/libspiflashstore.a(storerdmsensors.o)
                0x000000000800c4d8                StoreRDMSensors::~StoreRDMSensors()
 .text._ZN15StoreRDMSensorsC2Ev
                0x000000000800c4e4       0x14 ../lib-spiflashstore/lib_gd32/libspiflashstore.a(storerdmsensors.o)
                0x000000000800c4e4                StoreRDMSensors::StoreRDMSensors()
                0x000000000800c4e4                StoreRDMSensors::StoreRDMSensors()
 .text._ZN18StoreRDMSubDevicesD2Ev
                0x000000000800c4f8        0x2 ../lib-spiflashstore/lib_gd32/libspiflashstore.a(storerdmsubdevices.o)
                0x000000000800c4f8                StoreRDMSubDevices::~StoreRDMSubDevices()
                0x000000000800c4f8                StoreRDMSubDevices::~StoreRDMSubDevices()
 *fill*         0x000000000800c4fa        0x2 
 .text._ZN18StoreRDMSubDevices4CopyEP20TRDMSubDevicesParams
                0x000000000800c4fc       0x20 ../lib-spiflashstore/lib_gd32/libspiflashstore.a(storerdmsubdevices.o)
                0x000000000800c4fc                StoreRDMSubDevices::Copy(TRDMSubDevicesParams*)
 .text._ZN18StoreRDMSubDevices6UpdateEPK20TRDMSubDevicesParams
                0x000000000800c51c       0x24 ../lib-spiflashstore/lib_gd32/libspiflashstore.a(storerdmsubdevices.o)
                0x000000000800c51c                StoreRDMSubDevices::Update(TRDMSubDevicesParams const*)
 .text._ZN18StoreRDMSubDevicesD0Ev
                0x000000000800c540        0xc ../lib-spiflashstore/lib_gd32/libspiflashstore.a(storerdmsubdevices.o)
                0x000000000800c540                StoreRDMSubDevices::~StoreRDMSubDevices()
 .text._ZN18StoreRDMSubDevicesC2Ev
                0x000000000800c54c       0x14 ../lib-spiflashstore/lib_gd32/libspiflashstore.a(storerdmsubdevices.o)
                0x000000000800c54c                StoreRDMSubDevices::StoreRDMSubDevices()
                0x000000000800c54c                StoreRDMSubDevices::StoreRDMSubDevices()
 .text._ZN14StoreWS28xxDmxD2Ev
                0x000000000800c560        0x6 ../lib-spiflashstore/lib_gd32/libspiflashstore.a(storews28xxdmx.o)
                0x000000000800c560                StoreWS28xxDmx::~StoreWS28xxDmx()
                0x000000000800c560                StoreWS28xxDmx::~StoreWS28xxDmx()
                0x000000000800c562                non-virtual thunk to StoreWS28xxDmx::~StoreWS28xxDmx()
 *fill*         0x000000000800c566        0x2 
 .text._ZN14StoreWS28xxDmx6UpdateEPK16TWS28xxDmxParams
                0x000000000800c568       0x24 ../lib-spiflashstore/lib_gd32/libspiflashstore.a(storews28xxdmx.o)
                0x000000000800c568                StoreWS28xxDmx::Update(TWS28xxDmxParams const*)
 .text._ZN14StoreWS28xxDmx19SaveDmxStartAddressEt
                0x000000000800c58c       0x34 ../lib-spiflashstore/lib_gd32/libspiflashstore.a(storews28xxdmx.o)
                0x000000000800c58c                StoreWS28xxDmx::SaveDmxStartAddress(unsigned short)
                0x000000000800c5b8                non-virtual thunk to StoreWS28xxDmx::SaveDmxStartAddress(unsigned short)
 .text._ZN14StoreWS28xxDmxD0Ev
                0x000000000800c5c0       0x12 ../lib-spiflashstore/lib_gd32/libspiflashstore.a(storews28xxdmx.o)
                0x000000000800c5c0                StoreWS28xxDmx::~StoreWS28xxDmx()
                0x000000000800c5cc                non-virtual thunk to StoreWS28xxDmx::~StoreWS28xxDmx()
 *fill*         0x000000000800c5d2        0x2 
 .text._ZN14StoreWS28xxDmx4CopyEP16TWS28xxDmxParams
                0x000000000800c5d4       0x20 ../lib-spiflashstore/lib_gd32/libspiflashstore.a(storews28xxdmx.o)
                0x000000000800c5d4                StoreWS28xxDmx::Copy(TWS28xxDmxParams*)
 .text._ZN14StoreWS28xxDmxC2Ev
                0x000000000800c5f4       0x18 ../lib-spiflashstore/lib_gd32/libspiflashstore.a(storews28xxdmx.o)
                0x000000000800c5f4                StoreWS28xxDmx::StoreWS28xxDmx()
                0x000000000800c5f4                StoreWS28xxDmx::StoreWS28xxDmx()
 .text._ZN8FlashRomC2Ev
                0x000000000800c60c       0x38 ../lib-spiflash/lib_gd32/libspiflash.a(flashrom.o)
                0x000000000800c60c                FlashRom::FlashRom()
                0x000000000800c60c                FlashRom::FlashRom()
 .text._ZN8FlashRom7GetSizeEv
                0x000000000800c644       0x10 ../lib-spiflash/lib_gd32/libspiflash.a(flashrom.o)
                0x000000000800c644                FlashRom::GetSize()
 .text._ZN8FlashRom13GetSectorSizeEv
                0x000000000800c654        0x6 ../lib-spiflash/lib_gd32/libspiflash.a(flashrom.o)
                0x000000000800c654                FlashRom::GetSectorSize()
 .text._ZN8FlashRom4ReadEjjPhRN8flashrom6resultE
                0x000000000800c65a       0x1e ../lib-spiflash/lib_gd32/libspiflash.a(flashrom.o)
                0x000000000800c65a                FlashRom::Read(unsigned int, unsigned int, unsigned char*, flashrom::result&)
 .text._ZN8FlashRom5EraseEjjRN8flashrom6resultE
                0x000000000800c678       0xa8 ../lib-spiflash/lib_gd32/libspiflash.a(flashrom.o)
                0x000000000800c678                FlashRom::Erase(unsigned int, unsigned int, flashrom::result&)
 .text._ZN8FlashRom5WriteEjjPKhRN8flashrom6resultE
                0x000000000800c720       0xc8 ../lib-spiflash/lib_gd32/libspiflash.a(flashrom.o)
                0x000000000800c720                FlashRom::Write(unsigned int, unsigned int, unsigned char const*, flashrom::result&)
 .text._ZN10DisplayUdfC2Ev
                0x000000000800c7e8       0x24 ../lib-displayudf/lib_gd32/libdisplayudf.a(displayudf.o)
                0x000000000800c7e8                DisplayUdf::DisplayUdf()
                0x000000000800c7e8                DisplayUdf::DisplayUdf()
 .text._ZN10DisplayUdf8SetTitleEPKcz
                0x000000000800c80c       0x28 ../lib-displayudf/lib_gd32/libdisplayudf.a(displayudf.o)
                0x000000000800c80c                DisplayUdf::SetTitle(char const*, ...)
 .text._ZN10DisplayUdf19ShowDmxStartAddressEv
                0x000000000800c834       0x38 ../lib-displayudf/lib_gd32/libdisplayudf.a(displayudf.o)
                0x000000000800c834                DisplayUdf::ShowDmxStartAddress()
 .text._ZN10DisplayUdf4ShowEv
                0x000000000800c86c       0x78 ../lib-displayudf/lib_gd32/libdisplayudf.a(displayudf.o)
                0x000000000800c86c                DisplayUdf::Show()
 .text._ZN10DisplayUdf3SetEhN10displayudf6LabelsE
                0x000000000800c8e4       0x32 ../lib-displayudf/lib_gd32/libdisplayudf.a(displayudf.o)
                0x000000000800c8e4                DisplayUdf::Set(unsigned char, displayudf::Labels)
 .text._ZN16DisplayUdfParamsC2EP21DisplayUdfParamsStore
                0x000000000800c916       0x1a ../lib-displayudf/lib_gd32/libdisplayudf.a(displayudfparams.o)
                0x000000000800c916                DisplayUdfParams::DisplayUdfParams(DisplayUdfParamsStore*)
                0x000000000800c916                DisplayUdfParams::DisplayUdfParams(DisplayUdfParamsStore*)
 .text._ZN16DisplayUdfParams4LoadEv
                0x000000000800c930       0x18 ../lib-displayudf/lib_gd32/libdisplayudf.a(displayudfparams.o)
                0x000000000800c930                DisplayUdfParams::Load()
 .text._ZN16DisplayUdfParams3SetEP10DisplayUdf
                0x000000000800c948       0x66 ../lib-displayudf/lib_gd32/libdisplayudf.a(displayudfparams.o)
                0x000000000800c948                DisplayUdfParams::Set(DisplayUdf*)
 .text._ZN16DisplayUdfParams4DumpEv
                0x000000000800c9ae        0x2 ../lib-displayudf/lib_gd32/libdisplayudf.a(displayudfparams.o)
                0x000000000800c9ae                DisplayUdfParams::Dump()
 .text._ZN7NetworkC2Ev
                0x000000000800c9b0       0x20 ../lib-network/lib_gd32/libnetwork.a(network.o)
                0x000000000800c9b0                Network::Network()
                0x000000000800c9b0                Network::Network()
 .text._ZN7Network16MacAddressCopyToEPh
                0x000000000800c9d0        0x6 ../lib-network/lib_gd32/libnetwork.a(network.o)
                0x000000000800c9d0                Network::MacAddressCopyTo(unsigned char*)
 *fill*         0x000000000800c9d6        0x2 
 .text._ZN8LightSetC2Ev
                0x000000000800c9d8       0x14 ../lib-lightset/lib_gd32/liblightset.a(lightset.o)
                0x000000000800c9d8                LightSet::LightSet()
                0x000000000800c9d8                LightSet::LightSet()
 .text._ZN8LightSet8BlackoutEb
                0x000000000800c9ec        0x2 ../lib-lightset/lib_gd32/liblightset.a(lightsetdmx.o)
                0x000000000800c9ec                LightSet::Blackout(bool)
 .text._ZN8LightSet5PrintEv
                0x000000000800c9ee        0x2 ../lib-lightset/lib_gd32/liblightset.a(lightsetdmx.o)
                0x000000000800c9ee                LightSet::Print()
 .text._ZN8LightSet18GetDmxStartAddressEv
                0x000000000800c9f0        0x4 ../lib-lightset/lib_gd32/liblightset.a(lightsetdmx.o)
                0x000000000800c9f0                LightSet::GetDmxStartAddress()
 .text._ZN8LightSet15GetDmxFootprintEv
                0x000000000800c9f4        0x6 ../lib-lightset/lib_gd32/liblightset.a(lightsetdmx.o)
                0x000000000800c9f4                LightSet::GetDmxFootprint()
 .text._ZN8LightSet18SetDmxStartAddressEt
                0x000000000800c9fa        0x4 ../lib-lightset/lib_gd32/liblightset.a(lightsetdmx.o)
                0x000000000800c9fa                LightSet::SetDmxStartAddress(unsigned short)
 .text._ZN8LightSet11GetSlotInfoEtRN8lightset8SlotInfoE
                0x000000000800c9fe        0xa ../lib-lightset/lib_gd32/liblightset.a(lightsetgetslotinfo.o)
                0x000000000800c9fe                LightSet::GetSlotInfo(unsigned short, lightset::SlotInfo&)
 .text._ZN7Display6DetectE11DisplayType
                0x000000000800ca08       0x56 ../lib-display/lib_gd32/libdisplay.a(display.o)
                0x000000000800ca08                Display::Detect(DisplayType)
 .text._ZN7Display6PrintfEhPKcz
                0x000000000800ca5e       0x38 ../lib-display/lib_gd32/libdisplay.a(display.o)
                0x000000000800ca5e                Display::Printf(unsigned char, char const*, ...)
 .text._ZN7Display5WriteEhPKc
                0x000000000800ca96       0x26 ../lib-display/lib_gd32/libdisplay.a(display.o)
                0x000000000800ca96                Display::Write(unsigned char, char const*)
 .text._ZN7Display9PrintInfoEv
                0x000000000800cabc       0x14 ../lib-display/lib_gd32/libdisplay.a(display.o)
                0x000000000800cabc                Display::PrintInfo()
 .text._ZN7DisplayC2Ev
                0x000000000800cad0       0x48 ../lib-display/lib_gd32/libdisplay.a(display.o)
                0x000000000800cad0                Display::Display()
                0x000000000800cad0                Display::Display()
 .text._ZN7Display8SetSleepEb
                0x000000000800cb18       0x20 ../lib-display/lib_gd32/libdisplay.a(display.o)
                0x000000000800cb18                Display::SetSleep(bool)
 .text._ZN15Display7Segment6StatusE22Display7SegmentMessage
                0x000000000800cb38       0x12 ../lib-display/lib_gd32/libdisplay.a(display7segment.o)
                0x000000000800cb38                Display7Segment::Status(Display7SegmentMessage)
 *fill*         0x000000000800cb4a        0x2 
 .text._ZN15Display7SegmentC2Ev
                0x000000000800cb4c       0x50 ../lib-display/lib_gd32/libdisplay.a(display7segment.o)
                0x000000000800cb4c                Display7Segment::Display7Segment()
                0x000000000800cb4c                Display7Segment::Display7Segment()
 .text._ZN7Ssd1306D2Ev
                0x000000000800cb9c        0x2 ../lib-display/lib_gd32/libdisplay.a(ssd1306.o)
                0x000000000800cb9c                Ssd1306::~Ssd1306()
                0x000000000800cb9c                Ssd1306::~Ssd1306()
 .text._ZN7Ssd13069SetCursorEj
                0x000000000800cb9e        0x2 ../lib-display/lib_gd32/libdisplay.a(ssd1306.o)
                0x000000000800cb9e                Ssd1306::SetCursor(unsigned int)
 .text._ZN7Ssd13069PrintInfoEv
                0x000000000800cba0       0x28 ../lib-display/lib_gd32/libdisplay.a(ssd1306.o)
                0x000000000800cba0                Ssd1306::PrintInfo()
 .text._ZN7Ssd1306D0Ev
                0x000000000800cbc8        0xc ../lib-display/lib_gd32/libdisplay.a(ssd1306.o)
                0x000000000800cbc8                Ssd1306::~Ssd1306()
 .text._ZN7HAL_I2C5SetupEv
                0x000000000800cbd4       0x14 ../lib-display/lib_gd32/libdisplay.a(ssd1306.o)
                0x000000000800cbd4                HAL_I2C::Setup()
 .text._ZN7Ssd13067PutCharEi
                0x000000000800cbe8       0x28 ../lib-display/lib_gd32/libdisplay.a(ssd1306.o)
                0x000000000800cbe8                Ssd1306::PutChar(int)
 .text._ZN7Ssd13069PutStringEPKc
                0x000000000800cc10       0x16 ../lib-display/lib_gd32/libdisplay.a(ssd1306.o)
                0x000000000800cc10                Ssd1306::PutString(char const*)
 .text._ZN7Ssd13064TextEPKcj
                0x000000000800cc26       0x22 ../lib-display/lib_gd32/libdisplay.a(ssd1306.o)
                0x000000000800cc26                Ssd1306::Text(char const*, unsigned int)
 .text._ZN7Ssd130611InitMembersEv
                0x000000000800cc48       0x26 ../lib-display/lib_gd32/libdisplay.a(ssd1306.o)
                0x000000000800cc48                Ssd1306::InitMembers()
 *fill*         0x000000000800cc6e        0x2 
 .text._ZN7Ssd1306C2E10TOledPanel
                0x000000000800cc70       0x30 ../lib-display/lib_gd32/libdisplay.a(ssd1306.o)
                0x000000000800cc70                Ssd1306::Ssd1306(TOledPanel)
                0x000000000800cc70                Ssd1306::Ssd1306(TOledPanel)
 .text._ZN7Ssd130611SendCommandEh
                0x000000000800cca0       0x20 ../lib-display/lib_gd32/libdisplay.a(ssd1306.o)
                0x000000000800cca0                Ssd1306::SendCommand(unsigned char)
 .text._ZN7Ssd130612SetCursorPosEhh
                0x000000000800ccc0       0x46 ../lib-display/lib_gd32/libdisplay.a(ssd1306.o)
                0x000000000800ccc0                Ssd1306::SetCursorPos(unsigned char, unsigned char)
 .text._ZN7Ssd13068TextLineEhPKcj
                0x000000000800cd06       0x2a ../lib-display/lib_gd32/libdisplay.a(ssd1306.o)